<!doctype html public "-//w3c//dtd html 4.0 transitional//en">
<html><head>
<title>Static Call Graph - [My1000\My1000.axf]</title></head>
<body><HR>
<H1>Static Call Graph for image My1000\My1000.axf</H1><HR>
<BR><P>#&#060CALLGRAPH&#062# ARM Linker, 5060300: Last Updated: Mon Sep 11 12:29:00 2017
<BR><P>
<H3>Maximum Stack Usage =       4656 bytes + Unknown(Cycles, Untraceable Function Pointers)</H3><H3>
Call chain for Maximum Stack Depth:</H3>
main &rArr; dw_main &rArr; inittestapplication &rArr; instance_config &rArr; dwt_otpread &rArr; _dwt_otpread &rArr; dwt_read32bitoffsetreg &rArr; dwt_readfromdevice &rArr; readfromspi &rArr; HAL_SPI_TransmitReceive &rArr; SPI_WaitOnFlagUntilTimeout
<P>
<H3>
Mutually Recursive functions
</H3> <LI><a href="#[1c]">ADC1_2_IRQHandler</a>&nbsp;&nbsp;&nbsp;&rArr;&nbsp;&nbsp;&nbsp;<a href="#[1c]">ADC1_2_IRQHandler</a><BR>
 <LI><a href="#[4]">BusFault_Handler</a>&nbsp;&nbsp;&nbsp;&rArr;&nbsp;&nbsp;&nbsp;<a href="#[4]">BusFault_Handler</a><BR>
 <LI><a href="#[2]">HardFault_Handler</a>&nbsp;&nbsp;&nbsp;&rArr;&nbsp;&nbsp;&nbsp;<a href="#[2]">HardFault_Handler</a><BR>
 <LI><a href="#[3]">MemManage_Handler</a>&nbsp;&nbsp;&nbsp;&rArr;&nbsp;&nbsp;&nbsp;<a href="#[3]">MemManage_Handler</a><BR>
 <LI><a href="#[5]">UsageFault_Handler</a>&nbsp;&nbsp;&nbsp;&rArr;&nbsp;&nbsp;&nbsp;<a href="#[5]">UsageFault_Handler</a><BR>
</UL>
<P>
<H3>
Function Pointers
</H3><UL>
 <LI><a href="#[1c]">ADC1_2_IRQHandler</a> from startup_stm32f105xc.o(.text) referenced from startup_stm32f105xc.o(RESET)
 <LI><a href="#[4]">BusFault_Handler</a> from stm32f1xx_it.o(i.BusFault_Handler) referenced from startup_stm32f105xc.o(RESET)
 <LI><a href="#[1e]">CAN1_RX0_IRQHandler</a> from startup_stm32f105xc.o(.text) referenced from startup_stm32f105xc.o(RESET)
 <LI><a href="#[1f]">CAN1_RX1_IRQHandler</a> from startup_stm32f105xc.o(.text) referenced from startup_stm32f105xc.o(RESET)
 <LI><a href="#[20]">CAN1_SCE_IRQHandler</a> from startup_stm32f105xc.o(.text) referenced from startup_stm32f105xc.o(RESET)
 <LI><a href="#[1d]">CAN1_TX_IRQHandler</a> from startup_stm32f105xc.o(.text) referenced from startup_stm32f105xc.o(RESET)
 <LI><a href="#[41]">CAN2_RX0_IRQHandler</a> from startup_stm32f105xc.o(.text) referenced from startup_stm32f105xc.o(RESET)
 <LI><a href="#[42]">CAN2_RX1_IRQHandler</a> from startup_stm32f105xc.o(.text) referenced from startup_stm32f105xc.o(RESET)
 <LI><a href="#[43]">CAN2_SCE_IRQHandler</a> from startup_stm32f105xc.o(.text) referenced from startup_stm32f105xc.o(RESET)
 <LI><a href="#[40]">CAN2_TX_IRQHandler</a> from startup_stm32f105xc.o(.text) referenced from startup_stm32f105xc.o(RESET)
 <LI><a href="#[15]">DMA1_Channel1_IRQHandler</a> from startup_stm32f105xc.o(.text) referenced from startup_stm32f105xc.o(RESET)
 <LI><a href="#[16]">DMA1_Channel2_IRQHandler</a> from startup_stm32f105xc.o(.text) referenced from startup_stm32f105xc.o(RESET)
 <LI><a href="#[17]">DMA1_Channel3_IRQHandler</a> from startup_stm32f105xc.o(.text) referenced from startup_stm32f105xc.o(RESET)
 <LI><a href="#[18]">DMA1_Channel4_IRQHandler</a> from startup_stm32f105xc.o(.text) referenced from startup_stm32f105xc.o(RESET)
 <LI><a href="#[19]">DMA1_Channel5_IRQHandler</a> from startup_stm32f105xc.o(.text) referenced from startup_stm32f105xc.o(RESET)
 <LI><a href="#[1a]">DMA1_Channel6_IRQHandler</a> from startup_stm32f105xc.o(.text) referenced from startup_stm32f105xc.o(RESET)
 <LI><a href="#[1b]">DMA1_Channel7_IRQHandler</a> from startup_stm32f105xc.o(.text) referenced from startup_stm32f105xc.o(RESET)
 <LI><a href="#[3b]">DMA2_Channel1_IRQHandler</a> from startup_stm32f105xc.o(.text) referenced from startup_stm32f105xc.o(RESET)
 <LI><a href="#[3c]">DMA2_Channel2_IRQHandler</a> from startup_stm32f105xc.o(.text) referenced from startup_stm32f105xc.o(RESET)
 <LI><a href="#[3d]">DMA2_Channel3_IRQHandler</a> from startup_stm32f105xc.o(.text) referenced from startup_stm32f105xc.o(RESET)
 <LI><a href="#[3e]">DMA2_Channel4_IRQHandler</a> from startup_stm32f105xc.o(.text) referenced from startup_stm32f105xc.o(RESET)
 <LI><a href="#[3f]">DMA2_Channel5_IRQHandler</a> from startup_stm32f105xc.o(.text) referenced from startup_stm32f105xc.o(RESET)
 <LI><a href="#[7]">DebugMon_Handler</a> from stm32f1xx_it.o(i.DebugMon_Handler) referenced from startup_stm32f105xc.o(RESET)
 <LI><a href="#[10]">EXTI0_IRQHandler</a> from stm32f1xx_it.o(i.EXTI0_IRQHandler) referenced from startup_stm32f105xc.o(RESET)
 <LI><a href="#[32]">EXTI15_10_IRQHandler</a> from startup_stm32f105xc.o(.text) referenced from startup_stm32f105xc.o(RESET)
 <LI><a href="#[11]">EXTI1_IRQHandler</a> from startup_stm32f105xc.o(.text) referenced from startup_stm32f105xc.o(RESET)
 <LI><a href="#[12]">EXTI2_IRQHandler</a> from startup_stm32f105xc.o(.text) referenced from startup_stm32f105xc.o(RESET)
 <LI><a href="#[13]">EXTI3_IRQHandler</a> from startup_stm32f105xc.o(.text) referenced from startup_stm32f105xc.o(RESET)
 <LI><a href="#[14]">EXTI4_IRQHandler</a> from startup_stm32f105xc.o(.text) referenced from startup_stm32f105xc.o(RESET)
 <LI><a href="#[21]">EXTI9_5_IRQHandler</a> from stm32f1xx_it.o(i.EXTI9_5_IRQHandler) referenced from startup_stm32f105xc.o(RESET)
 <LI><a href="#[e]">FLASH_IRQHandler</a> from startup_stm32f105xc.o(.text) referenced from startup_stm32f105xc.o(RESET)
 <LI><a href="#[2]">HardFault_Handler</a> from stm32f1xx_it.o(i.HardFault_Handler) referenced from startup_stm32f105xc.o(RESET)
 <LI><a href="#[2a]">I2C1_ER_IRQHandler</a> from startup_stm32f105xc.o(.text) referenced from startup_stm32f105xc.o(RESET)
 <LI><a href="#[29]">I2C1_EV_IRQHandler</a> from startup_stm32f105xc.o(.text) referenced from startup_stm32f105xc.o(RESET)
 <LI><a href="#[2c]">I2C2_ER_IRQHandler</a> from startup_stm32f105xc.o(.text) referenced from startup_stm32f105xc.o(RESET)
 <LI><a href="#[2b]">I2C2_EV_IRQHandler</a> from startup_stm32f105xc.o(.text) referenced from startup_stm32f105xc.o(RESET)
 <LI><a href="#[3]">MemManage_Handler</a> from stm32f1xx_it.o(i.MemManage_Handler) referenced from startup_stm32f105xc.o(RESET)
 <LI><a href="#[1]">NMI_Handler</a> from stm32f1xx_it.o(i.NMI_Handler) referenced from startup_stm32f105xc.o(RESET)
 <LI><a href="#[44]">OTG_FS_IRQHandler</a> from startup_stm32f105xc.o(.text) referenced from startup_stm32f105xc.o(RESET)
 <LI><a href="#[34]">OTG_FS_WKUP_IRQHandler</a> from startup_stm32f105xc.o(.text) referenced from startup_stm32f105xc.o(RESET)
 <LI><a href="#[b]">PVD_IRQHandler</a> from startup_stm32f105xc.o(.text) referenced from startup_stm32f105xc.o(RESET)
 <LI><a href="#[8]">PendSV_Handler</a> from stm32f1xx_it.o(i.PendSV_Handler) referenced from startup_stm32f105xc.o(RESET)
 <LI><a href="#[f]">RCC_IRQHandler</a> from startup_stm32f105xc.o(.text) referenced from startup_stm32f105xc.o(RESET)
 <LI><a href="#[33]">RTC_Alarm_IRQHandler</a> from startup_stm32f105xc.o(.text) referenced from startup_stm32f105xc.o(RESET)
 <LI><a href="#[d]">RTC_IRQHandler</a> from startup_stm32f105xc.o(.text) referenced from startup_stm32f105xc.o(RESET)
 <LI><a href="#[0]">Reset_Handler</a> from startup_stm32f105xc.o(.text) referenced from startup_stm32f105xc.o(RESET)
 <LI><a href="#[2d]">SPI1_IRQHandler</a> from startup_stm32f105xc.o(.text) referenced from startup_stm32f105xc.o(RESET)
 <LI><a href="#[2e]">SPI2_IRQHandler</a> from startup_stm32f105xc.o(.text) referenced from startup_stm32f105xc.o(RESET)
 <LI><a href="#[36]">SPI3_IRQHandler</a> from startup_stm32f105xc.o(.text) referenced from startup_stm32f105xc.o(RESET)
 <LI><a href="#[6]">SVC_Handler</a> from stm32f1xx_it.o(i.SVC_Handler) referenced from startup_stm32f105xc.o(RESET)
 <LI><a href="#[9]">SysTick_Handler</a> from stm32f1xx_it.o(i.SysTick_Handler) referenced from startup_stm32f105xc.o(RESET)
 <LI><a href="#[46]">SystemInit</a> from system_stm32f1xx.o(i.SystemInit) referenced from startup_stm32f105xc.o(.text)
 <LI><a href="#[c]">TAMPER_IRQHandler</a> from startup_stm32f105xc.o(.text) referenced from startup_stm32f105xc.o(RESET)
 <LI><a href="#[22]">TIM1_BRK_IRQHandler</a> from startup_stm32f105xc.o(.text) referenced from startup_stm32f105xc.o(RESET)
 <LI><a href="#[25]">TIM1_CC_IRQHandler</a> from startup_stm32f105xc.o(.text) referenced from startup_stm32f105xc.o(RESET)
 <LI><a href="#[24]">TIM1_TRG_COM_IRQHandler</a> from startup_stm32f105xc.o(.text) referenced from startup_stm32f105xc.o(RESET)
 <LI><a href="#[23]">TIM1_UP_IRQHandler</a> from startup_stm32f105xc.o(.text) referenced from startup_stm32f105xc.o(RESET)
 <LI><a href="#[26]">TIM2_IRQHandler</a> from startup_stm32f105xc.o(.text) referenced from startup_stm32f105xc.o(RESET)
 <LI><a href="#[27]">TIM3_IRQHandler</a> from startup_stm32f105xc.o(.text) referenced from startup_stm32f105xc.o(RESET)
 <LI><a href="#[28]">TIM4_IRQHandler</a> from startup_stm32f105xc.o(.text) referenced from startup_stm32f105xc.o(RESET)
 <LI><a href="#[35]">TIM5_IRQHandler</a> from startup_stm32f105xc.o(.text) referenced from startup_stm32f105xc.o(RESET)
 <LI><a href="#[39]">TIM6_IRQHandler</a> from startup_stm32f105xc.o(.text) referenced from startup_stm32f105xc.o(RESET)
 <LI><a href="#[3a]">TIM7_IRQHandler</a> from startup_stm32f105xc.o(.text) referenced from startup_stm32f105xc.o(RESET)
 <LI><a href="#[37]">UART4_IRQHandler</a> from startup_stm32f105xc.o(.text) referenced from startup_stm32f105xc.o(RESET)
 <LI><a href="#[38]">UART5_IRQHandler</a> from startup_stm32f105xc.o(.text) referenced from startup_stm32f105xc.o(RESET)
 <LI><a href="#[2f]">USART1_IRQHandler</a> from startup_stm32f105xc.o(.text) referenced from startup_stm32f105xc.o(RESET)
 <LI><a href="#[30]">USART2_IRQHandler</a> from startup_stm32f105xc.o(.text) referenced from startup_stm32f105xc.o(RESET)
 <LI><a href="#[31]">USART3_IRQHandler</a> from startup_stm32f105xc.o(.text) referenced from startup_stm32f105xc.o(RESET)
 <LI><a href="#[5]">UsageFault_Handler</a> from stm32f1xx_it.o(i.UsageFault_Handler) referenced from startup_stm32f105xc.o(RESET)
 <LI><a href="#[a]">WWDG_IRQHandler</a> from startup_stm32f105xc.o(.text) referenced from startup_stm32f105xc.o(RESET)
 <LI><a href="#[47]">__main</a> from entry.o(.ARM.Collect$$$$00000000) referenced from startup_stm32f105xc.o(.text)
 <LI><a href="#[48]">instance_rxerrorcallback</a> from my_app_common.o(i.instance_rxerrorcallback) referenced from my_app_functions.o(i.init_CB_enable_IRQ)
 <LI><a href="#[4a]">instance_rxgoodcallback</a> from my_app_common.o(i.instance_rxgoodcallback) referenced from my_app_functions.o(i.init_CB_enable_IRQ)
 <LI><a href="#[49]">instance_rxtimeoutcallback</a> from my_app_common.o(i.instance_rxtimeoutcallback) referenced from my_app_functions.o(i.init_CB_enable_IRQ)
 <LI><a href="#[4b]">instance_txcallback</a> from my_app_common.o(i.instance_txcallback) referenced from my_app_functions.o(i.init_CB_enable_IRQ)
 <LI><a href="#[45]">main</a> from main.o(i.main) referenced from entry9a.o(.ARM.Collect$$$$0000000B)
</UL>
<P>
<H3>
Global Symbols
</H3>
<P><STRONG><a name="[47]"></a>__main</STRONG> (Thumb, 0 bytes, Stack size unknown bytes, entry.o(.ARM.Collect$$$$00000000))
<BR>[Address Reference Count : 1]<UL><LI> startup_stm32f105xc.o(.text)
</UL>
<P><STRONG><a name="[ba]"></a>_main_stk</STRONG> (Thumb, 0 bytes, Stack size unknown bytes, entry2.o(.ARM.Collect$$$$00000001))

<P><STRONG><a name="[4c]"></a>_main_scatterload</STRONG> (Thumb, 0 bytes, Stack size unknown bytes, entry5.o(.ARM.Collect$$$$00000004))
<BR><BR>[Calls]<UL><LI><a href="#[4d]">&gt;&gt;</a>&nbsp;&nbsp;&nbsp;__scatterload
</UL>

<P><STRONG><a name="[51]"></a>__main_after_scatterload</STRONG> (Thumb, 0 bytes, Stack size unknown bytes, entry5.o(.ARM.Collect$$$$00000004))
<BR><BR>[Called By]<UL><LI><a href="#[4d]">&gt;&gt;</a>&nbsp;&nbsp;&nbsp;__scatterload
</UL>

<P><STRONG><a name="[bb]"></a>_main_clock</STRONG> (Thumb, 0 bytes, Stack size unknown bytes, entry7b.o(.ARM.Collect$$$$00000008))

<P><STRONG><a name="[bc]"></a>_main_cpp_init</STRONG> (Thumb, 0 bytes, Stack size unknown bytes, entry8b.o(.ARM.Collect$$$$0000000A))

<P><STRONG><a name="[bd]"></a>_main_init</STRONG> (Thumb, 0 bytes, Stack size unknown bytes, entry9a.o(.ARM.Collect$$$$0000000B))

<P><STRONG><a name="[be]"></a>__rt_final_cpp</STRONG> (Thumb, 0 bytes, Stack size unknown bytes, entry10a.o(.ARM.Collect$$$$0000000D))

<P><STRONG><a name="[bf]"></a>__rt_final_exit</STRONG> (Thumb, 0 bytes, Stack size unknown bytes, entry11a.o(.ARM.Collect$$$$0000000F))

<P><STRONG><a name="[0]"></a>Reset_Handler</STRONG> (Thumb, 8 bytes, Stack size 0 bytes, startup_stm32f105xc.o(.text))
<BR>[Address Reference Count : 1]<UL><LI> startup_stm32f105xc.o(RESET)
</UL>
<P><STRONG><a name="[1c]"></a>ADC1_2_IRQHandler</STRONG> (Thumb, 0 bytes, Stack size 0 bytes, startup_stm32f105xc.o(.text))
<BR><BR>[Calls]<UL><LI><a href="#[1c]">&gt;&gt;</a>&nbsp;&nbsp;&nbsp;ADC1_2_IRQHandler
</UL>
<BR>[Called By]<UL><LI><a href="#[1c]">&gt;&gt;</a>&nbsp;&nbsp;&nbsp;ADC1_2_IRQHandler
</UL>
<BR>[Address Reference Count : 1]<UL><LI> startup_stm32f105xc.o(RESET)
</UL>
<P><STRONG><a name="[1e]"></a>CAN1_RX0_IRQHandler</STRONG> (Thumb, 0 bytes, Stack size 0 bytes, startup_stm32f105xc.o(.text))
<BR>[Address Reference Count : 1]<UL><LI> startup_stm32f105xc.o(RESET)
</UL>
<P><STRONG><a name="[1f]"></a>CAN1_RX1_IRQHandler</STRONG> (Thumb, 0 bytes, Stack size 0 bytes, startup_stm32f105xc.o(.text))
<BR>[Address Reference Count : 1]<UL><LI> startup_stm32f105xc.o(RESET)
</UL>
<P><STRONG><a name="[20]"></a>CAN1_SCE_IRQHandler</STRONG> (Thumb, 0 bytes, Stack size 0 bytes, startup_stm32f105xc.o(.text))
<BR>[Address Reference Count : 1]<UL><LI> startup_stm32f105xc.o(RESET)
</UL>
<P><STRONG><a name="[1d]"></a>CAN1_TX_IRQHandler</STRONG> (Thumb, 0 bytes, Stack size 0 bytes, startup_stm32f105xc.o(.text))
<BR>[Address Reference Count : 1]<UL><LI> startup_stm32f105xc.o(RESET)
</UL>
<P><STRONG><a name="[41]"></a>CAN2_RX0_IRQHandler</STRONG> (Thumb, 0 bytes, Stack size 0 bytes, startup_stm32f105xc.o(.text))
<BR>[Address Reference Count : 1]<UL><LI> startup_stm32f105xc.o(RESET)
</UL>
<P><STRONG><a name="[42]"></a>CAN2_RX1_IRQHandler</STRONG> (Thumb, 0 bytes, Stack size 0 bytes, startup_stm32f105xc.o(.text))
<BR>[Address Reference Count : 1]<UL><LI> startup_stm32f105xc.o(RESET)
</UL>
<P><STRONG><a name="[43]"></a>CAN2_SCE_IRQHandler</STRONG> (Thumb, 0 bytes, Stack size 0 bytes, startup_stm32f105xc.o(.text))
<BR>[Address Reference Count : 1]<UL><LI> startup_stm32f105xc.o(RESET)
</UL>
<P><STRONG><a name="[40]"></a>CAN2_TX_IRQHandler</STRONG> (Thumb, 0 bytes, Stack size 0 bytes, startup_stm32f105xc.o(.text))
<BR>[Address Reference Count : 1]<UL><LI> startup_stm32f105xc.o(RESET)
</UL>
<P><STRONG><a name="[15]"></a>DMA1_Channel1_IRQHandler</STRONG> (Thumb, 0 bytes, Stack size 0 bytes, startup_stm32f105xc.o(.text))
<BR>[Address Reference Count : 1]<UL><LI> startup_stm32f105xc.o(RESET)
</UL>
<P><STRONG><a name="[16]"></a>DMA1_Channel2_IRQHandler</STRONG> (Thumb, 0 bytes, Stack size 0 bytes, startup_stm32f105xc.o(.text))
<BR>[Address Reference Count : 1]<UL><LI> startup_stm32f105xc.o(RESET)
</UL>
<P><STRONG><a name="[17]"></a>DMA1_Channel3_IRQHandler</STRONG> (Thumb, 0 bytes, Stack size 0 bytes, startup_stm32f105xc.o(.text))
<BR>[Address Reference Count : 1]<UL><LI> startup_stm32f105xc.o(RESET)
</UL>
<P><STRONG><a name="[18]"></a>DMA1_Channel4_IRQHandler</STRONG> (Thumb, 0 bytes, Stack size 0 bytes, startup_stm32f105xc.o(.text))
<BR>[Address Reference Count : 1]<UL><LI> startup_stm32f105xc.o(RESET)
</UL>
<P><STRONG><a name="[19]"></a>DMA1_Channel5_IRQHandler</STRONG> (Thumb, 0 bytes, Stack size 0 bytes, startup_stm32f105xc.o(.text))
<BR>[Address Reference Count : 1]<UL><LI> startup_stm32f105xc.o(RESET)
</UL>
<P><STRONG><a name="[1a]"></a>DMA1_Channel6_IRQHandler</STRONG> (Thumb, 0 bytes, Stack size 0 bytes, startup_stm32f105xc.o(.text))
<BR>[Address Reference Count : 1]<UL><LI> startup_stm32f105xc.o(RESET)
</UL>
<P><STRONG><a name="[1b]"></a>DMA1_Channel7_IRQHandler</STRONG> (Thumb, 0 bytes, Stack size 0 bytes, startup_stm32f105xc.o(.text))
<BR>[Address Reference Count : 1]<UL><LI> startup_stm32f105xc.o(RESET)
</UL>
<P><STRONG><a name="[3b]"></a>DMA2_Channel1_IRQHandler</STRONG> (Thumb, 0 bytes, Stack size 0 bytes, startup_stm32f105xc.o(.text))
<BR>[Address Reference Count : 1]<UL><LI> startup_stm32f105xc.o(RESET)
</UL>
<P><STRONG><a name="[3c]"></a>DMA2_Channel2_IRQHandler</STRONG> (Thumb, 0 bytes, Stack size 0 bytes, startup_stm32f105xc.o(.text))
<BR>[Address Reference Count : 1]<UL><LI> startup_stm32f105xc.o(RESET)
</UL>
<P><STRONG><a name="[3d]"></a>DMA2_Channel3_IRQHandler</STRONG> (Thumb, 0 bytes, Stack size 0 bytes, startup_stm32f105xc.o(.text))
<BR>[Address Reference Count : 1]<UL><LI> startup_stm32f105xc.o(RESET)
</UL>
<P><STRONG><a name="[3e]"></a>DMA2_Channel4_IRQHandler</STRONG> (Thumb, 0 bytes, Stack size 0 bytes, startup_stm32f105xc.o(.text))
<BR>[Address Reference Count : 1]<UL><LI> startup_stm32f105xc.o(RESET)
</UL>
<P><STRONG><a name="[3f]"></a>DMA2_Channel5_IRQHandler</STRONG> (Thumb, 0 bytes, Stack size 0 bytes, startup_stm32f105xc.o(.text))
<BR>[Address Reference Count : 1]<UL><LI> startup_stm32f105xc.o(RESET)
</UL>
<P><STRONG><a name="[32]"></a>EXTI15_10_IRQHandler</STRONG> (Thumb, 0 bytes, Stack size 0 bytes, startup_stm32f105xc.o(.text))
<BR>[Address Reference Count : 1]<UL><LI> startup_stm32f105xc.o(RESET)
</UL>
<P><STRONG><a name="[11]"></a>EXTI1_IRQHandler</STRONG> (Thumb, 0 bytes, Stack size 0 bytes, startup_stm32f105xc.o(.text))
<BR>[Address Reference Count : 1]<UL><LI> startup_stm32f105xc.o(RESET)
</UL>
<P><STRONG><a name="[12]"></a>EXTI2_IRQHandler</STRONG> (Thumb, 0 bytes, Stack size 0 bytes, startup_stm32f105xc.o(.text))
<BR>[Address Reference Count : 1]<UL><LI> startup_stm32f105xc.o(RESET)
</UL>
<P><STRONG><a name="[13]"></a>EXTI3_IRQHandler</STRONG> (Thumb, 0 bytes, Stack size 0 bytes, startup_stm32f105xc.o(.text))
<BR>[Address Reference Count : 1]<UL><LI> startup_stm32f105xc.o(RESET)
</UL>
<P><STRONG><a name="[14]"></a>EXTI4_IRQHandler</STRONG> (Thumb, 0 bytes, Stack size 0 bytes, startup_stm32f105xc.o(.text))
<BR>[Address Reference Count : 1]<UL><LI> startup_stm32f105xc.o(RESET)
</UL>
<P><STRONG><a name="[e]"></a>FLASH_IRQHandler</STRONG> (Thumb, 0 bytes, Stack size 0 bytes, startup_stm32f105xc.o(.text))
<BR>[Address Reference Count : 1]<UL><LI> startup_stm32f105xc.o(RESET)
</UL>
<P><STRONG><a name="[2a]"></a>I2C1_ER_IRQHandler</STRONG> (Thumb, 0 bytes, Stack size 0 bytes, startup_stm32f105xc.o(.text))
<BR>[Address Reference Count : 1]<UL><LI> startup_stm32f105xc.o(RESET)
</UL>
<P><STRONG><a name="[29]"></a>I2C1_EV_IRQHandler</STRONG> (Thumb, 0 bytes, Stack size 0 bytes, startup_stm32f105xc.o(.text))
<BR>[Address Reference Count : 1]<UL><LI> startup_stm32f105xc.o(RESET)
</UL>
<P><STRONG><a name="[2c]"></a>I2C2_ER_IRQHandler</STRONG> (Thumb, 0 bytes, Stack size 0 bytes, startup_stm32f105xc.o(.text))
<BR>[Address Reference Count : 1]<UL><LI> startup_stm32f105xc.o(RESET)
</UL>
<P><STRONG><a name="[2b]"></a>I2C2_EV_IRQHandler</STRONG> (Thumb, 0 bytes, Stack size 0 bytes, startup_stm32f105xc.o(.text))
<BR>[Address Reference Count : 1]<UL><LI> startup_stm32f105xc.o(RESET)
</UL>
<P><STRONG><a name="[44]"></a>OTG_FS_IRQHandler</STRONG> (Thumb, 0 bytes, Stack size 0 bytes, startup_stm32f105xc.o(.text))
<BR>[Address Reference Count : 1]<UL><LI> startup_stm32f105xc.o(RESET)
</UL>
<P><STRONG><a name="[34]"></a>OTG_FS_WKUP_IRQHandler</STRONG> (Thumb, 0 bytes, Stack size 0 bytes, startup_stm32f105xc.o(.text))
<BR>[Address Reference Count : 1]<UL><LI> startup_stm32f105xc.o(RESET)
</UL>
<P><STRONG><a name="[b]"></a>PVD_IRQHandler</STRONG> (Thumb, 0 bytes, Stack size 0 bytes, startup_stm32f105xc.o(.text))
<BR>[Address Reference Count : 1]<UL><LI> startup_stm32f105xc.o(RESET)
</UL>
<P><STRONG><a name="[f]"></a>RCC_IRQHandler</STRONG> (Thumb, 0 bytes, Stack size 0 bytes, startup_stm32f105xc.o(.text))
<BR>[Address Reference Count : 1]<UL><LI> startup_stm32f105xc.o(RESET)
</UL>
<P><STRONG><a name="[33]"></a>RTC_Alarm_IRQHandler</STRONG> (Thumb, 0 bytes, Stack size 0 bytes, startup_stm32f105xc.o(.text))
<BR>[Address Reference Count : 1]<UL><LI> startup_stm32f105xc.o(RESET)
</UL>
<P><STRONG><a name="[d]"></a>RTC_IRQHandler</STRONG> (Thumb, 0 bytes, Stack size 0 bytes, startup_stm32f105xc.o(.text))
<BR>[Address Reference Count : 1]<UL><LI> startup_stm32f105xc.o(RESET)
</UL>
<P><STRONG><a name="[2d]"></a>SPI1_IRQHandler</STRONG> (Thumb, 0 bytes, Stack size 0 bytes, startup_stm32f105xc.o(.text))
<BR>[Address Reference Count : 1]<UL><LI> startup_stm32f105xc.o(RESET)
</UL>
<P><STRONG><a name="[2e]"></a>SPI2_IRQHandler</STRONG> (Thumb, 0 bytes, Stack size 0 bytes, startup_stm32f105xc.o(.text))
<BR>[Address Reference Count : 1]<UL><LI> startup_stm32f105xc.o(RESET)
</UL>
<P><STRONG><a name="[36]"></a>SPI3_IRQHandler</STRONG> (Thumb, 0 bytes, Stack size 0 bytes, startup_stm32f105xc.o(.text))
<BR>[Address Reference Count : 1]<UL><LI> startup_stm32f105xc.o(RESET)
</UL>
<P><STRONG><a name="[c]"></a>TAMPER_IRQHandler</STRONG> (Thumb, 0 bytes, Stack size 0 bytes, startup_stm32f105xc.o(.text))
<BR>[Address Reference Count : 1]<UL><LI> startup_stm32f105xc.o(RESET)
</UL>
<P><STRONG><a name="[22]"></a>TIM1_BRK_IRQHandler</STRONG> (Thumb, 0 bytes, Stack size 0 bytes, startup_stm32f105xc.o(.text))
<BR>[Address Reference Count : 1]<UL><LI> startup_stm32f105xc.o(RESET)
</UL>
<P><STRONG><a name="[25]"></a>TIM1_CC_IRQHandler</STRONG> (Thumb, 0 bytes, Stack size 0 bytes, startup_stm32f105xc.o(.text))
<BR>[Address Reference Count : 1]<UL><LI> startup_stm32f105xc.o(RESET)
</UL>
<P><STRONG><a name="[24]"></a>TIM1_TRG_COM_IRQHandler</STRONG> (Thumb, 0 bytes, Stack size 0 bytes, startup_stm32f105xc.o(.text))
<BR>[Address Reference Count : 1]<UL><LI> startup_stm32f105xc.o(RESET)
</UL>
<P><STRONG><a name="[23]"></a>TIM1_UP_IRQHandler</STRONG> (Thumb, 0 bytes, Stack size 0 bytes, startup_stm32f105xc.o(.text))
<BR>[Address Reference Count : 1]<UL><LI> startup_stm32f105xc.o(RESET)
</UL>
<P><STRONG><a name="[26]"></a>TIM2_IRQHandler</STRONG> (Thumb, 0 bytes, Stack size 0 bytes, startup_stm32f105xc.o(.text))
<BR>[Address Reference Count : 1]<UL><LI> startup_stm32f105xc.o(RESET)
</UL>
<P><STRONG><a name="[27]"></a>TIM3_IRQHandler</STRONG> (Thumb, 0 bytes, Stack size 0 bytes, startup_stm32f105xc.o(.text))
<BR>[Address Reference Count : 1]<UL><LI> startup_stm32f105xc.o(RESET)
</UL>
<P><STRONG><a name="[28]"></a>TIM4_IRQHandler</STRONG> (Thumb, 0 bytes, Stack size 0 bytes, startup_stm32f105xc.o(.text))
<BR>[Address Reference Count : 1]<UL><LI> startup_stm32f105xc.o(RESET)
</UL>
<P><STRONG><a name="[35]"></a>TIM5_IRQHandler</STRONG> (Thumb, 0 bytes, Stack size 0 bytes, startup_stm32f105xc.o(.text))
<BR>[Address Reference Count : 1]<UL><LI> startup_stm32f105xc.o(RESET)
</UL>
<P><STRONG><a name="[39]"></a>TIM6_IRQHandler</STRONG> (Thumb, 0 bytes, Stack size 0 bytes, startup_stm32f105xc.o(.text))
<BR>[Address Reference Count : 1]<UL><LI> startup_stm32f105xc.o(RESET)
</UL>
<P><STRONG><a name="[3a]"></a>TIM7_IRQHandler</STRONG> (Thumb, 0 bytes, Stack size 0 bytes, startup_stm32f105xc.o(.text))
<BR>[Address Reference Count : 1]<UL><LI> startup_stm32f105xc.o(RESET)
</UL>
<P><STRONG><a name="[37]"></a>UART4_IRQHandler</STRONG> (Thumb, 0 bytes, Stack size 0 bytes, startup_stm32f105xc.o(.text))
<BR>[Address Reference Count : 1]<UL><LI> startup_stm32f105xc.o(RESET)
</UL>
<P><STRONG><a name="[38]"></a>UART5_IRQHandler</STRONG> (Thumb, 0 bytes, Stack size 0 bytes, startup_stm32f105xc.o(.text))
<BR>[Address Reference Count : 1]<UL><LI> startup_stm32f105xc.o(RESET)
</UL>
<P><STRONG><a name="[2f]"></a>USART1_IRQHandler</STRONG> (Thumb, 0 bytes, Stack size 0 bytes, startup_stm32f105xc.o(.text))
<BR>[Address Reference Count : 1]<UL><LI> startup_stm32f105xc.o(RESET)
</UL>
<P><STRONG><a name="[30]"></a>USART2_IRQHandler</STRONG> (Thumb, 0 bytes, Stack size 0 bytes, startup_stm32f105xc.o(.text))
<BR>[Address Reference Count : 1]<UL><LI> startup_stm32f105xc.o(RESET)
</UL>
<P><STRONG><a name="[31]"></a>USART3_IRQHandler</STRONG> (Thumb, 0 bytes, Stack size 0 bytes, startup_stm32f105xc.o(.text))
<BR>[Address Reference Count : 1]<UL><LI> startup_stm32f105xc.o(RESET)
</UL>
<P><STRONG><a name="[a]"></a>WWDG_IRQHandler</STRONG> (Thumb, 0 bytes, Stack size 0 bytes, startup_stm32f105xc.o(.text))
<BR>[Address Reference Count : 1]<UL><LI> startup_stm32f105xc.o(RESET)
</UL>
<P><STRONG><a name="[b8]"></a>__aeabi_memcpy</STRONG> (Thumb, 36 bytes, Stack size 0 bytes, memcpya.o(.text))
<BR><BR>[Called By]<UL><LI><a href="#[a1]">&gt;&gt;</a>&nbsp;&nbsp;&nbsp;readfromspi
</UL>

<P><STRONG><a name="[c0]"></a>__aeabi_memcpy4</STRONG> (Thumb, 0 bytes, Stack size 0 bytes, memcpya.o(.text), UNUSED)

<P><STRONG><a name="[c1]"></a>__aeabi_memcpy8</STRONG> (Thumb, 0 bytes, Stack size 0 bytes, memcpya.o(.text), UNUSED)

<P><STRONG><a name="[4f]"></a>__aeabi_memset</STRONG> (Thumb, 14 bytes, Stack size 0 bytes, memseta.o(.text))
<BR><BR>[Called By]<UL><LI><a href="#[8b]">&gt;&gt;</a>&nbsp;&nbsp;&nbsp;dw_main
<LI><a href="#[50]">&gt;&gt;</a>&nbsp;&nbsp;&nbsp;_memset$wrapper
<LI><a href="#[4e]">&gt;&gt;</a>&nbsp;&nbsp;&nbsp;__aeabi_memclr
</UL>

<P><STRONG><a name="[c2]"></a>__aeabi_memset4</STRONG> (Thumb, 0 bytes, Stack size 0 bytes, memseta.o(.text), UNUSED)

<P><STRONG><a name="[c3]"></a>__aeabi_memset8</STRONG> (Thumb, 0 bytes, Stack size 0 bytes, memseta.o(.text), UNUSED)

<P><STRONG><a name="[4e]"></a>__aeabi_memclr</STRONG> (Thumb, 4 bytes, Stack size 0 bytes, memseta.o(.text))
<BR><BR>[Calls]<UL><LI><a href="#[4f]">&gt;&gt;</a>&nbsp;&nbsp;&nbsp;__aeabi_memset
</UL>
<BR>[Called By]<UL><LI><a href="#[8b]">&gt;&gt;</a>&nbsp;&nbsp;&nbsp;dw_main
</UL>

<P><STRONG><a name="[c4]"></a>__aeabi_memclr4</STRONG> (Thumb, 0 bytes, Stack size 0 bytes, memseta.o(.text), UNUSED)

<P><STRONG><a name="[c5]"></a>__aeabi_memclr8</STRONG> (Thumb, 0 bytes, Stack size 0 bytes, memseta.o(.text), UNUSED)

<P><STRONG><a name="[50]"></a>_memset$wrapper</STRONG> (Thumb, 18 bytes, Stack size 8 bytes, memseta.o(.text), UNUSED)
<BR><BR>[Calls]<UL><LI><a href="#[4f]">&gt;&gt;</a>&nbsp;&nbsp;&nbsp;__aeabi_memset
</UL>

<P><STRONG><a name="[4d]"></a>__scatterload</STRONG> (Thumb, 28 bytes, Stack size 0 bytes, init.o(.text))
<BR><BR>[Calls]<UL><LI><a href="#[51]">&gt;&gt;</a>&nbsp;&nbsp;&nbsp;__main_after_scatterload
</UL>
<BR>[Called By]<UL><LI><a href="#[4c]">&gt;&gt;</a>&nbsp;&nbsp;&nbsp;_main_scatterload
</UL>

<P><STRONG><a name="[c6]"></a>__scatterload_rt2</STRONG> (Thumb, 0 bytes, Stack size 0 bytes, init.o(.text), UNUSED)

<P><STRONG><a name="[4]"></a>BusFault_Handler</STRONG> (Thumb, 2 bytes, Stack size 0 bytes, stm32f1xx_it.o(i.BusFault_Handler))
<BR><BR>[Calls]<UL><LI><a href="#[4]">&gt;&gt;</a>&nbsp;&nbsp;&nbsp;BusFault_Handler
</UL>
<BR>[Called By]<UL><LI><a href="#[4]">&gt;&gt;</a>&nbsp;&nbsp;&nbsp;BusFault_Handler
</UL>
<BR>[Address Reference Count : 1]<UL><LI> startup_stm32f105xc.o(RESET)
</UL>
<P><STRONG><a name="[7]"></a>DebugMon_Handler</STRONG> (Thumb, 2 bytes, Stack size 0 bytes, stm32f1xx_it.o(i.DebugMon_Handler))
<BR>[Address Reference Count : 1]<UL><LI> startup_stm32f105xc.o(RESET)
</UL>
<P><STRONG><a name="[10]"></a>EXTI0_IRQHandler</STRONG> (Thumb, 6 bytes, Stack size 0 bytes, stm32f1xx_it.o(i.EXTI0_IRQHandler))
<BR><BR>[Stack]<UL><LI>Max Depth = 4464<LI>Call Chain = EXTI0_IRQHandler &rArr; HAL_GPIO_EXTI_IRQHandler &rArr; HAL_GPIO_EXTI_Callback &rArr; process_deca_irq &rArr; dwt_isr &rArr; dwt_forcetrxoff &rArr; dwt_syncrxbufptrs &rArr; dwt_read8bitoffsetreg &rArr; dwt_readfromdevice &rArr; readfromspi &rArr; HAL_SPI_TransmitReceive &rArr; SPI_WaitOnFlagUntilTimeout
</UL>
<BR>[Calls]<UL><LI><a href="#[52]">&gt;&gt;</a>&nbsp;&nbsp;&nbsp;HAL_GPIO_EXTI_IRQHandler
</UL>
<BR>[Address Reference Count : 1]<UL><LI> startup_stm32f105xc.o(RESET)
</UL>
<P><STRONG><a name="[21]"></a>EXTI9_5_IRQHandler</STRONG> (Thumb, 6 bytes, Stack size 0 bytes, stm32f1xx_it.o(i.EXTI9_5_IRQHandler))
<BR><BR>[Stack]<UL><LI>Max Depth = 4464<LI>Call Chain = EXTI9_5_IRQHandler &rArr; HAL_GPIO_EXTI_IRQHandler &rArr; HAL_GPIO_EXTI_Callback &rArr; process_deca_irq &rArr; dwt_isr &rArr; dwt_forcetrxoff &rArr; dwt_syncrxbufptrs &rArr; dwt_read8bitoffsetreg &rArr; dwt_readfromdevice &rArr; readfromspi &rArr; HAL_SPI_TransmitReceive &rArr; SPI_WaitOnFlagUntilTimeout
</UL>
<BR>[Calls]<UL><LI><a href="#[52]">&gt;&gt;</a>&nbsp;&nbsp;&nbsp;HAL_GPIO_EXTI_IRQHandler
</UL>
<BR>[Address Reference Count : 1]<UL><LI> startup_stm32f105xc.o(RESET)
</UL>
<P><STRONG><a name="[b5]"></a>EXTI_GetITEnStatus</STRONG> (Thumb, 32 bytes, Stack size 0 bytes, port.o(i.EXTI_GetITEnStatus))
<BR><BR>[Called By]<UL><LI><a href="#[89]">&gt;&gt;</a>&nbsp;&nbsp;&nbsp;port_GetEXT_IRQStatus
</UL>

<P><STRONG><a name="[53]"></a>HAL_Delay</STRONG> (Thumb, 22 bytes, Stack size 16 bytes, stm32f1xx_hal.o(i.HAL_Delay))
<BR><BR>[Stack]<UL><LI>Max Depth = 16<LI>Call Chain = HAL_Delay
</UL>
<BR>[Calls]<UL><LI><a href="#[54]">&gt;&gt;</a>&nbsp;&nbsp;&nbsp;HAL_GetTick
</UL>
<BR>[Called By]<UL><LI><a href="#[ad]">&gt;&gt;</a>&nbsp;&nbsp;&nbsp;reset_DW1000
<LI><a href="#[ac]">&gt;&gt;</a>&nbsp;&nbsp;&nbsp;port_wakeup_dw1000
<LI><a href="#[72]">&gt;&gt;</a>&nbsp;&nbsp;&nbsp;Sleep
<LI><a href="#[61]">&gt;&gt;</a>&nbsp;&nbsp;&nbsp;HAL_RCC_OscConfig
<LI><a href="#[45]">&gt;&gt;</a>&nbsp;&nbsp;&nbsp;main
</UL>

<P><STRONG><a name="[55]"></a>HAL_GPIO_EXTI_Callback</STRONG> (Thumb, 20 bytes, Stack size 0 bytes, port.o(i.HAL_GPIO_EXTI_Callback))
<BR><BR>[Stack]<UL><LI>Max Depth = 4456<LI>Call Chain = HAL_GPIO_EXTI_Callback &rArr; process_deca_irq &rArr; dwt_isr &rArr; dwt_forcetrxoff &rArr; dwt_syncrxbufptrs &rArr; dwt_read8bitoffsetreg &rArr; dwt_readfromdevice &rArr; readfromspi &rArr; HAL_SPI_TransmitReceive &rArr; SPI_WaitOnFlagUntilTimeout
</UL>
<BR>[Calls]<UL><LI><a href="#[56]">&gt;&gt;</a>&nbsp;&nbsp;&nbsp;process_deca_irq
</UL>
<BR>[Called By]<UL><LI><a href="#[52]">&gt;&gt;</a>&nbsp;&nbsp;&nbsp;HAL_GPIO_EXTI_IRQHandler
</UL>

<P><STRONG><a name="[52]"></a>HAL_GPIO_EXTI_IRQHandler</STRONG> (Thumb, 18 bytes, Stack size 8 bytes, stm32f1xx_hal_gpio.o(i.HAL_GPIO_EXTI_IRQHandler))
<BR><BR>[Stack]<UL><LI>Max Depth = 4464<LI>Call Chain = HAL_GPIO_EXTI_IRQHandler &rArr; HAL_GPIO_EXTI_Callback &rArr; process_deca_irq &rArr; dwt_isr &rArr; dwt_forcetrxoff &rArr; dwt_syncrxbufptrs &rArr; dwt_read8bitoffsetreg &rArr; dwt_readfromdevice &rArr; readfromspi &rArr; HAL_SPI_TransmitReceive &rArr; SPI_WaitOnFlagUntilTimeout
</UL>
<BR>[Calls]<UL><LI><a href="#[55]">&gt;&gt;</a>&nbsp;&nbsp;&nbsp;HAL_GPIO_EXTI_Callback
</UL>
<BR>[Called By]<UL><LI><a href="#[21]">&gt;&gt;</a>&nbsp;&nbsp;&nbsp;EXTI9_5_IRQHandler
<LI><a href="#[10]">&gt;&gt;</a>&nbsp;&nbsp;&nbsp;EXTI0_IRQHandler
</UL>

<P><STRONG><a name="[64]"></a>HAL_GPIO_Init</STRONG> (Thumb, 408 bytes, Stack size 40 bytes, stm32f1xx_hal_gpio.o(i.HAL_GPIO_Init))
<BR><BR>[Stack]<UL><LI>Max Depth = 40<LI>Call Chain = HAL_GPIO_Init
</UL>
<BR>[Called By]<UL><LI><a href="#[ad]">&gt;&gt;</a>&nbsp;&nbsp;&nbsp;reset_DW1000
<LI><a href="#[b4]">&gt;&gt;</a>&nbsp;&nbsp;&nbsp;setup_DW1000RSTnIRQ
<LI><a href="#[6f]">&gt;&gt;</a>&nbsp;&nbsp;&nbsp;MX_GPIO_Init
<LI><a href="#[6b]">&gt;&gt;</a>&nbsp;&nbsp;&nbsp;HAL_UART_MspInit
<LI><a href="#[63]">&gt;&gt;</a>&nbsp;&nbsp;&nbsp;HAL_SPI_MspInit
</UL>

<P><STRONG><a name="[b6]"></a>HAL_GPIO_ReadPin</STRONG> (Thumb, 10 bytes, Stack size 0 bytes, stm32f1xx_hal_gpio.o(i.HAL_GPIO_ReadPin))
<BR><BR>[Called By]<UL><LI><a href="#[8e]">&gt;&gt;</a>&nbsp;&nbsp;&nbsp;port_is_switch_on
<LI><a href="#[56]">&gt;&gt;</a>&nbsp;&nbsp;&nbsp;process_deca_irq
</UL>

<P><STRONG><a name="[70]"></a>HAL_GPIO_WritePin</STRONG> (Thumb, 10 bytes, Stack size 0 bytes, stm32f1xx_hal_gpio.o(i.HAL_GPIO_WritePin))
<BR><BR>[Called By]<UL><LI><a href="#[a8]">&gt;&gt;</a>&nbsp;&nbsp;&nbsp;writetospi
<LI><a href="#[a1]">&gt;&gt;</a>&nbsp;&nbsp;&nbsp;readfromspi
<LI><a href="#[ad]">&gt;&gt;</a>&nbsp;&nbsp;&nbsp;reset_DW1000
<LI><a href="#[ac]">&gt;&gt;</a>&nbsp;&nbsp;&nbsp;port_wakeup_dw1000
<LI><a href="#[b4]">&gt;&gt;</a>&nbsp;&nbsp;&nbsp;setup_DW1000RSTnIRQ
<LI><a href="#[45]">&gt;&gt;</a>&nbsp;&nbsp;&nbsp;main
<LI><a href="#[6f]">&gt;&gt;</a>&nbsp;&nbsp;&nbsp;MX_GPIO_Init
</UL>

<P><STRONG><a name="[54]"></a>HAL_GetTick</STRONG> (Thumb, 6 bytes, Stack size 0 bytes, stm32f1xx_hal.o(i.HAL_GetTick))
<BR><BR>[Called By]<UL><LI><a href="#[61]">&gt;&gt;</a>&nbsp;&nbsp;&nbsp;HAL_RCC_OscConfig
<LI><a href="#[5f]">&gt;&gt;</a>&nbsp;&nbsp;&nbsp;HAL_RCC_ClockConfig
<LI><a href="#[53]">&gt;&gt;</a>&nbsp;&nbsp;&nbsp;HAL_Delay
<LI><a href="#[66]">&gt;&gt;</a>&nbsp;&nbsp;&nbsp;SPI_WaitOnFlagUntilTimeout
<LI><a href="#[6e]">&gt;&gt;</a>&nbsp;&nbsp;&nbsp;UART_WaitOnFlagUntilTimeout
</UL>

<P><STRONG><a name="[73]"></a>HAL_IncTick</STRONG> (Thumb, 10 bytes, Stack size 0 bytes, stm32f1xx_hal.o(i.HAL_IncTick))
<BR><BR>[Called By]<UL><LI><a href="#[9]">&gt;&gt;</a>&nbsp;&nbsp;&nbsp;SysTick_Handler
</UL>

<P><STRONG><a name="[57]"></a>HAL_Init</STRONG> (Thumb, 32 bytes, Stack size 8 bytes, stm32f1xx_hal.o(i.HAL_Init))
<BR><BR>[Stack]<UL><LI>Max Depth = 32<LI>Call Chain = HAL_Init &rArr; HAL_MspInit &rArr; HAL_NVIC_SetPriority
</UL>
<BR>[Calls]<UL><LI><a href="#[58]">&gt;&gt;</a>&nbsp;&nbsp;&nbsp;HAL_NVIC_SetPriorityGrouping
<LI><a href="#[5a]">&gt;&gt;</a>&nbsp;&nbsp;&nbsp;HAL_MspInit
<LI><a href="#[59]">&gt;&gt;</a>&nbsp;&nbsp;&nbsp;HAL_InitTick
</UL>
<BR>[Called By]<UL><LI><a href="#[45]">&gt;&gt;</a>&nbsp;&nbsp;&nbsp;main
</UL>

<P><STRONG><a name="[59]"></a>HAL_InitTick</STRONG> (Thumb, 34 bytes, Stack size 8 bytes, stm32f1xx_hal.o(i.HAL_InitTick))
<BR><BR>[Stack]<UL><LI>Max Depth = 24<LI>Call Chain = HAL_InitTick &rArr; HAL_NVIC_SetPriority
</UL>
<BR>[Calls]<UL><LI><a href="#[5c]">&gt;&gt;</a>&nbsp;&nbsp;&nbsp;HAL_SYSTICK_Config
<LI><a href="#[5b]">&gt;&gt;</a>&nbsp;&nbsp;&nbsp;HAL_RCC_GetHCLKFreq
<LI><a href="#[5d]">&gt;&gt;</a>&nbsp;&nbsp;&nbsp;HAL_NVIC_SetPriority
</UL>
<BR>[Called By]<UL><LI><a href="#[5f]">&gt;&gt;</a>&nbsp;&nbsp;&nbsp;HAL_RCC_ClockConfig
<LI><a href="#[57]">&gt;&gt;</a>&nbsp;&nbsp;&nbsp;HAL_Init
</UL>

<P><STRONG><a name="[5a]"></a>HAL_MspInit</STRONG> (Thumb, 114 bytes, Stack size 8 bytes, stm32f1xx_hal_msp.o(i.HAL_MspInit))
<BR><BR>[Stack]<UL><LI>Max Depth = 24<LI>Call Chain = HAL_MspInit &rArr; HAL_NVIC_SetPriority
</UL>
<BR>[Calls]<UL><LI><a href="#[58]">&gt;&gt;</a>&nbsp;&nbsp;&nbsp;HAL_NVIC_SetPriorityGrouping
<LI><a href="#[5d]">&gt;&gt;</a>&nbsp;&nbsp;&nbsp;HAL_NVIC_SetPriority
</UL>
<BR>[Called By]<UL><LI><a href="#[57]">&gt;&gt;</a>&nbsp;&nbsp;&nbsp;HAL_Init
</UL>

<P><STRONG><a name="[b9]"></a>HAL_NVIC_DisableIRQ</STRONG> (Thumb, 22 bytes, Stack size 0 bytes, stm32f1xx_hal_cortex.o(i.HAL_NVIC_DisableIRQ))
<BR><BR>[Called By]<UL><LI><a href="#[b4]">&gt;&gt;</a>&nbsp;&nbsp;&nbsp;setup_DW1000RSTnIRQ
</UL>

<P><STRONG><a name="[b3]"></a>HAL_NVIC_EnableIRQ</STRONG> (Thumb, 22 bytes, Stack size 0 bytes, stm32f1xx_hal_cortex.o(i.HAL_NVIC_EnableIRQ))
<BR><BR>[Called By]<UL><LI><a href="#[b4]">&gt;&gt;</a>&nbsp;&nbsp;&nbsp;setup_DW1000RSTnIRQ
<LI><a href="#[45]">&gt;&gt;</a>&nbsp;&nbsp;&nbsp;main
</UL>

<P><STRONG><a name="[5d]"></a>HAL_NVIC_SetPriority</STRONG> (Thumb, 60 bytes, Stack size 16 bytes, stm32f1xx_hal_cortex.o(i.HAL_NVIC_SetPriority))
<BR><BR>[Stack]<UL><LI>Max Depth = 16<LI>Call Chain = HAL_NVIC_SetPriority
</UL>
<BR>[Calls]<UL><LI><a href="#[5e]">&gt;&gt;</a>&nbsp;&nbsp;&nbsp;NVIC_SetPriority
</UL>
<BR>[Called By]<UL><LI><a href="#[b4]">&gt;&gt;</a>&nbsp;&nbsp;&nbsp;setup_DW1000RSTnIRQ
<LI><a href="#[45]">&gt;&gt;</a>&nbsp;&nbsp;&nbsp;main
<LI><a href="#[74]">&gt;&gt;</a>&nbsp;&nbsp;&nbsp;SystemClock_Config
<LI><a href="#[5a]">&gt;&gt;</a>&nbsp;&nbsp;&nbsp;HAL_MspInit
<LI><a href="#[59]">&gt;&gt;</a>&nbsp;&nbsp;&nbsp;HAL_InitTick
</UL>

<P><STRONG><a name="[58]"></a>HAL_NVIC_SetPriorityGrouping</STRONG> (Thumb, 26 bytes, Stack size 0 bytes, stm32f1xx_hal_cortex.o(i.HAL_NVIC_SetPriorityGrouping))
<BR><BR>[Called By]<UL><LI><a href="#[57]">&gt;&gt;</a>&nbsp;&nbsp;&nbsp;HAL_Init
<LI><a href="#[5a]">&gt;&gt;</a>&nbsp;&nbsp;&nbsp;HAL_MspInit
</UL>

<P><STRONG><a name="[5f]"></a>HAL_RCC_ClockConfig</STRONG> (Thumb, 374 bytes, Stack size 32 bytes, stm32f1xx_hal_rcc.o(i.HAL_RCC_ClockConfig))
<BR><BR>[Stack]<UL><LI>Max Depth = 92<LI>Call Chain = HAL_RCC_ClockConfig &rArr; HAL_RCC_GetSysClockFreq
</UL>
<BR>[Calls]<UL><LI><a href="#[59]">&gt;&gt;</a>&nbsp;&nbsp;&nbsp;HAL_InitTick
<LI><a href="#[60]">&gt;&gt;</a>&nbsp;&nbsp;&nbsp;HAL_RCC_GetSysClockFreq
<LI><a href="#[54]">&gt;&gt;</a>&nbsp;&nbsp;&nbsp;HAL_GetTick
</UL>
<BR>[Called By]<UL><LI><a href="#[74]">&gt;&gt;</a>&nbsp;&nbsp;&nbsp;SystemClock_Config
</UL>

<P><STRONG><a name="[5b]"></a>HAL_RCC_GetHCLKFreq</STRONG> (Thumb, 6 bytes, Stack size 0 bytes, stm32f1xx_hal_rcc.o(i.HAL_RCC_GetHCLKFreq))
<BR><BR>[Called By]<UL><LI><a href="#[74]">&gt;&gt;</a>&nbsp;&nbsp;&nbsp;SystemClock_Config
<LI><a href="#[59]">&gt;&gt;</a>&nbsp;&nbsp;&nbsp;HAL_InitTick
</UL>

<P><STRONG><a name="[77]"></a>HAL_RCC_GetPCLK1Freq</STRONG> (Thumb, 34 bytes, Stack size 0 bytes, stm32f1xx_hal_rcc.o(i.HAL_RCC_GetPCLK1Freq))
<BR><BR>[Called By]<UL><LI><a href="#[6c]">&gt;&gt;</a>&nbsp;&nbsp;&nbsp;UART_SetConfig
</UL>

<P><STRONG><a name="[76]"></a>HAL_RCC_GetPCLK2Freq</STRONG> (Thumb, 34 bytes, Stack size 0 bytes, stm32f1xx_hal_rcc.o(i.HAL_RCC_GetPCLK2Freq))
<BR><BR>[Called By]<UL><LI><a href="#[6c]">&gt;&gt;</a>&nbsp;&nbsp;&nbsp;UART_SetConfig
</UL>

<P><STRONG><a name="[60]"></a>HAL_RCC_GetSysClockFreq</STRONG> (Thumb, 184 bytes, Stack size 60 bytes, stm32f1xx_hal_rcc.o(i.HAL_RCC_GetSysClockFreq))
<BR><BR>[Stack]<UL><LI>Max Depth = 60<LI>Call Chain = HAL_RCC_GetSysClockFreq
</UL>
<BR>[Called By]<UL><LI><a href="#[5f]">&gt;&gt;</a>&nbsp;&nbsp;&nbsp;HAL_RCC_ClockConfig
</UL>

<P><STRONG><a name="[61]"></a>HAL_RCC_OscConfig</STRONG> (Thumb, 1746 bytes, Stack size 40 bytes, stm32f1xx_hal_rcc.o(i.HAL_RCC_OscConfig))
<BR><BR>[Stack]<UL><LI>Max Depth = 56<LI>Call Chain = HAL_RCC_OscConfig &rArr; HAL_Delay
</UL>
<BR>[Calls]<UL><LI><a href="#[53]">&gt;&gt;</a>&nbsp;&nbsp;&nbsp;HAL_Delay
<LI><a href="#[54]">&gt;&gt;</a>&nbsp;&nbsp;&nbsp;HAL_GetTick
</UL>
<BR>[Called By]<UL><LI><a href="#[74]">&gt;&gt;</a>&nbsp;&nbsp;&nbsp;SystemClock_Config
</UL>

<P><STRONG><a name="[b7]"></a>HAL_SPI_GetState</STRONG> (Thumb, 6 bytes, Stack size 0 bytes, stm32f1xx_hal_spi.o(i.HAL_SPI_GetState))
<BR><BR>[Called By]<UL><LI><a href="#[a8]">&gt;&gt;</a>&nbsp;&nbsp;&nbsp;writetospi
<LI><a href="#[a1]">&gt;&gt;</a>&nbsp;&nbsp;&nbsp;readfromspi
</UL>

<P><STRONG><a name="[62]"></a>HAL_SPI_Init</STRONG> (Thumb, 132 bytes, Stack size 8 bytes, stm32f1xx_hal_spi_ex.o(i.HAL_SPI_Init))
<BR><BR>[Stack]<UL><LI>Max Depth = 80<LI>Call Chain = HAL_SPI_Init &rArr; HAL_SPI_MspInit &rArr; HAL_GPIO_Init
</UL>
<BR>[Calls]<UL><LI><a href="#[63]">&gt;&gt;</a>&nbsp;&nbsp;&nbsp;HAL_SPI_MspInit
</UL>
<BR>[Called By]<UL><LI><a href="#[af]">&gt;&gt;</a>&nbsp;&nbsp;&nbsp;port_set_dw1000_fastrate
<LI><a href="#[ab]">&gt;&gt;</a>&nbsp;&nbsp;&nbsp;port_set_dw1000_slowrate
<LI><a href="#[71]">&gt;&gt;</a>&nbsp;&nbsp;&nbsp;MX_SPI1_Init
</UL>

<P><STRONG><a name="[63]"></a>HAL_SPI_MspInit</STRONG> (Thumb, 130 bytes, Stack size 32 bytes, stm32f1xx_hal_msp.o(i.HAL_SPI_MspInit))
<BR><BR>[Stack]<UL><LI>Max Depth = 72<LI>Call Chain = HAL_SPI_MspInit &rArr; HAL_GPIO_Init
</UL>
<BR>[Calls]<UL><LI><a href="#[64]">&gt;&gt;</a>&nbsp;&nbsp;&nbsp;HAL_GPIO_Init
</UL>
<BR>[Called By]<UL><LI><a href="#[62]">&gt;&gt;</a>&nbsp;&nbsp;&nbsp;HAL_SPI_Init
</UL>

<P><STRONG><a name="[65]"></a>HAL_SPI_Transmit</STRONG> (Thumb, 326 bytes, Stack size 32 bytes, stm32f1xx_hal_spi.o(i.HAL_SPI_Transmit))
<BR><BR>[Stack]<UL><LI>Max Depth = 64<LI>Call Chain = HAL_SPI_Transmit &rArr; SPI_WaitOnFlagUntilTimeout
</UL>
<BR>[Calls]<UL><LI><a href="#[66]">&gt;&gt;</a>&nbsp;&nbsp;&nbsp;SPI_WaitOnFlagUntilTimeout
</UL>
<BR>[Called By]<UL><LI><a href="#[a8]">&gt;&gt;</a>&nbsp;&nbsp;&nbsp;writetospi
</UL>

<P><STRONG><a name="[67]"></a>HAL_SPI_TransmitReceive</STRONG> (Thumb, 690 bytes, Stack size 32 bytes, stm32f1xx_hal_spi.o(i.HAL_SPI_TransmitReceive))
<BR><BR>[Stack]<UL><LI>Max Depth = 64<LI>Call Chain = HAL_SPI_TransmitReceive &rArr; SPI_WaitOnFlagUntilTimeout
</UL>
<BR>[Calls]<UL><LI><a href="#[66]">&gt;&gt;</a>&nbsp;&nbsp;&nbsp;SPI_WaitOnFlagUntilTimeout
</UL>
<BR>[Called By]<UL><LI><a href="#[a1]">&gt;&gt;</a>&nbsp;&nbsp;&nbsp;readfromspi
</UL>

<P><STRONG><a name="[75]"></a>HAL_SYSTICK_CLKSourceConfig</STRONG> (Thumb, 24 bytes, Stack size 0 bytes, stm32f1xx_hal_cortex.o(i.HAL_SYSTICK_CLKSourceConfig))
<BR><BR>[Called By]<UL><LI><a href="#[74]">&gt;&gt;</a>&nbsp;&nbsp;&nbsp;SystemClock_Config
</UL>

<P><STRONG><a name="[69]"></a>HAL_SYSTICK_Callback</STRONG> (Thumb, 2 bytes, Stack size 0 bytes, stm32f1xx_hal_cortex.o(i.HAL_SYSTICK_Callback))
<BR><BR>[Called By]<UL><LI><a href="#[68]">&gt;&gt;</a>&nbsp;&nbsp;&nbsp;HAL_SYSTICK_IRQHandler
</UL>

<P><STRONG><a name="[5c]"></a>HAL_SYSTICK_Config</STRONG> (Thumb, 40 bytes, Stack size 8 bytes, stm32f1xx_hal_cortex.o(i.HAL_SYSTICK_Config))
<BR><BR>[Stack]<UL><LI>Max Depth = 8<LI>Call Chain = HAL_SYSTICK_Config
</UL>
<BR>[Calls]<UL><LI><a href="#[5e]">&gt;&gt;</a>&nbsp;&nbsp;&nbsp;NVIC_SetPriority
</UL>
<BR>[Called By]<UL><LI><a href="#[74]">&gt;&gt;</a>&nbsp;&nbsp;&nbsp;SystemClock_Config
<LI><a href="#[59]">&gt;&gt;</a>&nbsp;&nbsp;&nbsp;HAL_InitTick
</UL>

<P><STRONG><a name="[68]"></a>HAL_SYSTICK_IRQHandler</STRONG> (Thumb, 8 bytes, Stack size 8 bytes, stm32f1xx_hal_cortex.o(i.HAL_SYSTICK_IRQHandler))
<BR><BR>[Stack]<UL><LI>Max Depth = 8<LI>Call Chain = HAL_SYSTICK_IRQHandler
</UL>
<BR>[Calls]<UL><LI><a href="#[69]">&gt;&gt;</a>&nbsp;&nbsp;&nbsp;HAL_SYSTICK_Callback
</UL>
<BR>[Called By]<UL><LI><a href="#[9]">&gt;&gt;</a>&nbsp;&nbsp;&nbsp;SysTick_Handler
</UL>

<P><STRONG><a name="[6a]"></a>HAL_UART_Init</STRONG> (Thumb, 94 bytes, Stack size 16 bytes, stm32f1xx_hal_uart.o(i.HAL_UART_Init))
<BR><BR>[Stack]<UL><LI>Max Depth = 88<LI>Call Chain = HAL_UART_Init &rArr; HAL_UART_MspInit &rArr; HAL_GPIO_Init
</UL>
<BR>[Calls]<UL><LI><a href="#[6b]">&gt;&gt;</a>&nbsp;&nbsp;&nbsp;HAL_UART_MspInit
<LI><a href="#[6c]">&gt;&gt;</a>&nbsp;&nbsp;&nbsp;UART_SetConfig
</UL>
<BR>[Called By]<UL><LI><a href="#[45]">&gt;&gt;</a>&nbsp;&nbsp;&nbsp;main
</UL>

<P><STRONG><a name="[6b]"></a>HAL_UART_MspInit</STRONG> (Thumb, 76 bytes, Stack size 32 bytes, stm32f1xx_hal_msp.o(i.HAL_UART_MspInit))
<BR><BR>[Stack]<UL><LI>Max Depth = 72<LI>Call Chain = HAL_UART_MspInit &rArr; HAL_GPIO_Init
</UL>
<BR>[Calls]<UL><LI><a href="#[64]">&gt;&gt;</a>&nbsp;&nbsp;&nbsp;HAL_GPIO_Init
</UL>
<BR>[Called By]<UL><LI><a href="#[6a]">&gt;&gt;</a>&nbsp;&nbsp;&nbsp;HAL_UART_Init
</UL>

<P><STRONG><a name="[6d]"></a>HAL_UART_Transmit</STRONG> (Thumb, 204 bytes, Stack size 32 bytes, stm32f1xx_hal_uart.o(i.HAL_UART_Transmit))
<BR><BR>[Stack]<UL><LI>Max Depth = 64<LI>Call Chain = HAL_UART_Transmit &rArr; UART_WaitOnFlagUntilTimeout
</UL>
<BR>[Calls]<UL><LI><a href="#[6e]">&gt;&gt;</a>&nbsp;&nbsp;&nbsp;UART_WaitOnFlagUntilTimeout
</UL>
<BR>[Called By]<UL><LI><a href="#[8f]">&gt;&gt;</a>&nbsp;&nbsp;&nbsp;writetoLCD
<LI><a href="#[45]">&gt;&gt;</a>&nbsp;&nbsp;&nbsp;main
</UL>

<P><STRONG><a name="[2]"></a>HardFault_Handler</STRONG> (Thumb, 2 bytes, Stack size 0 bytes, stm32f1xx_it.o(i.HardFault_Handler))
<BR><BR>[Calls]<UL><LI><a href="#[2]">&gt;&gt;</a>&nbsp;&nbsp;&nbsp;HardFault_Handler
</UL>
<BR>[Called By]<UL><LI><a href="#[2]">&gt;&gt;</a>&nbsp;&nbsp;&nbsp;HardFault_Handler
</UL>
<BR>[Address Reference Count : 1]<UL><LI> startup_stm32f105xc.o(RESET)
</UL>
<P><STRONG><a name="[3]"></a>MemManage_Handler</STRONG> (Thumb, 2 bytes, Stack size 0 bytes, stm32f1xx_it.o(i.MemManage_Handler))
<BR><BR>[Calls]<UL><LI><a href="#[3]">&gt;&gt;</a>&nbsp;&nbsp;&nbsp;MemManage_Handler
</UL>
<BR>[Called By]<UL><LI><a href="#[3]">&gt;&gt;</a>&nbsp;&nbsp;&nbsp;MemManage_Handler
</UL>
<BR>[Address Reference Count : 1]<UL><LI> startup_stm32f105xc.o(RESET)
</UL>
<P><STRONG><a name="[1]"></a>NMI_Handler</STRONG> (Thumb, 2 bytes, Stack size 0 bytes, stm32f1xx_it.o(i.NMI_Handler))
<BR>[Address Reference Count : 1]<UL><LI> startup_stm32f105xc.o(RESET)
</UL>
<P><STRONG><a name="[8]"></a>PendSV_Handler</STRONG> (Thumb, 2 bytes, Stack size 0 bytes, stm32f1xx_it.o(i.PendSV_Handler))
<BR>[Address Reference Count : 1]<UL><LI> startup_stm32f105xc.o(RESET)
</UL>
<P><STRONG><a name="[6]"></a>SVC_Handler</STRONG> (Thumb, 2 bytes, Stack size 0 bytes, stm32f1xx_it.o(i.SVC_Handler))
<BR>[Address Reference Count : 1]<UL><LI> startup_stm32f105xc.o(RESET)
</UL>
<P><STRONG><a name="[72]"></a>Sleep</STRONG> (Thumb, 4 bytes, Stack size 0 bytes, port.o(i.Sleep))
<BR><BR>[Stack]<UL><LI>Max Depth = 16<LI>Call Chain = Sleep &rArr; HAL_Delay
</UL>
<BR>[Calls]<UL><LI><a href="#[53]">&gt;&gt;</a>&nbsp;&nbsp;&nbsp;HAL_Delay
</UL>
<BR>[Called By]<UL><LI><a href="#[81]">&gt;&gt;</a>&nbsp;&nbsp;&nbsp;deca_sleep
<LI><a href="#[45]">&gt;&gt;</a>&nbsp;&nbsp;&nbsp;main
</UL>

<P><STRONG><a name="[9]"></a>SysTick_Handler</STRONG> (Thumb, 14 bytes, Stack size 8 bytes, stm32f1xx_it.o(i.SysTick_Handler))
<BR><BR>[Stack]<UL><LI>Max Depth = 16<LI>Call Chain = SysTick_Handler &rArr; HAL_SYSTICK_IRQHandler
</UL>
<BR>[Calls]<UL><LI><a href="#[68]">&gt;&gt;</a>&nbsp;&nbsp;&nbsp;HAL_SYSTICK_IRQHandler
<LI><a href="#[73]">&gt;&gt;</a>&nbsp;&nbsp;&nbsp;HAL_IncTick
</UL>
<BR>[Address Reference Count : 1]<UL><LI> startup_stm32f105xc.o(RESET)
</UL>
<P><STRONG><a name="[74]"></a>SystemClock_Config</STRONG> (Thumb, 124 bytes, Stack size 96 bytes, main.o(i.SystemClock_Config))
<BR><BR>[Stack]<UL><LI>Max Depth = 188<LI>Call Chain = SystemClock_Config &rArr; HAL_RCC_ClockConfig &rArr; HAL_RCC_GetSysClockFreq
</UL>
<BR>[Calls]<UL><LI><a href="#[5c]">&gt;&gt;</a>&nbsp;&nbsp;&nbsp;HAL_SYSTICK_Config
<LI><a href="#[75]">&gt;&gt;</a>&nbsp;&nbsp;&nbsp;HAL_SYSTICK_CLKSourceConfig
<LI><a href="#[61]">&gt;&gt;</a>&nbsp;&nbsp;&nbsp;HAL_RCC_OscConfig
<LI><a href="#[5b]">&gt;&gt;</a>&nbsp;&nbsp;&nbsp;HAL_RCC_GetHCLKFreq
<LI><a href="#[5f]">&gt;&gt;</a>&nbsp;&nbsp;&nbsp;HAL_RCC_ClockConfig
<LI><a href="#[5d]">&gt;&gt;</a>&nbsp;&nbsp;&nbsp;HAL_NVIC_SetPriority
</UL>
<BR>[Called By]<UL><LI><a href="#[45]">&gt;&gt;</a>&nbsp;&nbsp;&nbsp;main
</UL>

<P><STRONG><a name="[46]"></a>SystemInit</STRONG> (Thumb, 68 bytes, Stack size 0 bytes, system_stm32f1xx.o(i.SystemInit))
<BR>[Address Reference Count : 1]<UL><LI> startup_stm32f105xc.o(.text)
</UL>
<P><STRONG><a name="[5]"></a>UsageFault_Handler</STRONG> (Thumb, 2 bytes, Stack size 0 bytes, stm32f1xx_it.o(i.UsageFault_Handler))
<BR><BR>[Calls]<UL><LI><a href="#[5]">&gt;&gt;</a>&nbsp;&nbsp;&nbsp;UsageFault_Handler
</UL>
<BR>[Called By]<UL><LI><a href="#[5]">&gt;&gt;</a>&nbsp;&nbsp;&nbsp;UsageFault_Handler
</UL>
<BR>[Address Reference Count : 1]<UL><LI> startup_stm32f105xc.o(RESET)
</UL>
<P><STRONG><a name="[c7]"></a>__scatterload_copy</STRONG> (Thumb, 14 bytes, Stack size unknown bytes, handlers.o(i.__scatterload_copy), UNUSED)

<P><STRONG><a name="[c8]"></a>__scatterload_null</STRONG> (Thumb, 2 bytes, Stack size unknown bytes, handlers.o(i.__scatterload_null), UNUSED)

<P><STRONG><a name="[c9]"></a>__scatterload_zeroinit</STRONG> (Thumb, 14 bytes, Stack size unknown bytes, handlers.o(i.__scatterload_zeroinit), UNUSED)

<P><STRONG><a name="[78]"></a>_dwt_aonarrayupload</STRONG> (Thumb, 26 bytes, Stack size 8 bytes, deca_device.o(i._dwt_aonarrayupload))
<BR><BR>[Stack]<UL><LI>Max Depth = 120<LI>Call Chain = _dwt_aonarrayupload &rArr; dwt_write8bitoffsetreg &rArr; dwt_writetodevice &rArr; writetospi &rArr; HAL_SPI_Transmit &rArr; SPI_WaitOnFlagUntilTimeout
</UL>
<BR>[Calls]<UL><LI><a href="#[79]">&gt;&gt;</a>&nbsp;&nbsp;&nbsp;dwt_write8bitoffsetreg
</UL>
<BR>[Called By]<UL><LI><a href="#[99]">&gt;&gt;</a>&nbsp;&nbsp;&nbsp;dwt_softreset
</UL>

<P><STRONG><a name="[7a]"></a>_dwt_configlde</STRONG> (Thumb, 42 bytes, Stack size 8 bytes, deca_device.o(i._dwt_configlde))
<BR><BR>[Stack]<UL><LI>Max Depth = 120<LI>Call Chain = _dwt_configlde &rArr; dwt_write8bitoffsetreg &rArr; dwt_writetodevice &rArr; writetospi &rArr; HAL_SPI_Transmit &rArr; SPI_WaitOnFlagUntilTimeout
</UL>
<BR>[Calls]<UL><LI><a href="#[79]">&gt;&gt;</a>&nbsp;&nbsp;&nbsp;dwt_write8bitoffsetreg
<LI><a href="#[7b]">&gt;&gt;</a>&nbsp;&nbsp;&nbsp;dwt_write16bitoffsetreg
</UL>
<BR>[Called By]<UL><LI><a href="#[91]">&gt;&gt;</a>&nbsp;&nbsp;&nbsp;dwt_configure
</UL>

<P><STRONG><a name="[7c]"></a>_dwt_disablesequencing</STRONG> (Thumb, 22 bytes, Stack size 8 bytes, deca_device.o(i._dwt_disablesequencing))
<BR><BR>[Stack]<UL><LI>Max Depth = 4416<LI>Call Chain = _dwt_disablesequencing &rArr; _dwt_enableclocks &rArr; dwt_readfromdevice &rArr; readfromspi &rArr; HAL_SPI_TransmitReceive &rArr; SPI_WaitOnFlagUntilTimeout
</UL>
<BR>[Calls]<UL><LI><a href="#[7b]">&gt;&gt;</a>&nbsp;&nbsp;&nbsp;dwt_write16bitoffsetreg
<LI><a href="#[7d]">&gt;&gt;</a>&nbsp;&nbsp;&nbsp;_dwt_enableclocks
</UL>
<BR>[Called By]<UL><LI><a href="#[99]">&gt;&gt;</a>&nbsp;&nbsp;&nbsp;dwt_softreset
</UL>

<P><STRONG><a name="[7d]"></a>_dwt_enableclocks</STRONG> (Thumb, 206 bytes, Stack size 16 bytes, deca_device.o(i._dwt_enableclocks))
<BR><BR>[Stack]<UL><LI>Max Depth = 4408<LI>Call Chain = _dwt_enableclocks &rArr; dwt_readfromdevice &rArr; readfromspi &rArr; HAL_SPI_TransmitReceive &rArr; SPI_WaitOnFlagUntilTimeout
</UL>
<BR>[Calls]<UL><LI><a href="#[7f]">&gt;&gt;</a>&nbsp;&nbsp;&nbsp;dwt_writetodevice
<LI><a href="#[7e]">&gt;&gt;</a>&nbsp;&nbsp;&nbsp;dwt_readfromdevice
</UL>
<BR>[Called By]<UL><LI><a href="#[9f]">&gt;&gt;</a>&nbsp;&nbsp;&nbsp;dwt_otpread
<LI><a href="#[9e]">&gt;&gt;</a>&nbsp;&nbsp;&nbsp;dwt_loadopsettabfromotp
<LI><a href="#[97]">&gt;&gt;</a>&nbsp;&nbsp;&nbsp;dwt_initialise
<LI><a href="#[80]">&gt;&gt;</a>&nbsp;&nbsp;&nbsp;_dwt_loaducodefromrom
<LI><a href="#[7c]">&gt;&gt;</a>&nbsp;&nbsp;&nbsp;_dwt_disablesequencing
</UL>

<P><STRONG><a name="[80]"></a>_dwt_loaducodefromrom</STRONG> (Thumb, 36 bytes, Stack size 8 bytes, deca_device.o(i._dwt_loaducodefromrom))
<BR><BR>[Stack]<UL><LI>Max Depth = 4416<LI>Call Chain = _dwt_loaducodefromrom &rArr; _dwt_enableclocks &rArr; dwt_readfromdevice &rArr; readfromspi &rArr; HAL_SPI_TransmitReceive &rArr; SPI_WaitOnFlagUntilTimeout
</UL>
<BR>[Calls]<UL><LI><a href="#[81]">&gt;&gt;</a>&nbsp;&nbsp;&nbsp;deca_sleep
<LI><a href="#[7b]">&gt;&gt;</a>&nbsp;&nbsp;&nbsp;dwt_write16bitoffsetreg
<LI><a href="#[7d]">&gt;&gt;</a>&nbsp;&nbsp;&nbsp;_dwt_enableclocks
</UL>
<BR>[Called By]<UL><LI><a href="#[97]">&gt;&gt;</a>&nbsp;&nbsp;&nbsp;dwt_initialise
</UL>

<P><STRONG><a name="[82]"></a>_dwt_otpread</STRONG> (Thumb, 44 bytes, Stack size 8 bytes, deca_device.o(i._dwt_otpread))
<BR><BR>[Stack]<UL><LI>Max Depth = 4416<LI>Call Chain = _dwt_otpread &rArr; dwt_read32bitoffsetreg &rArr; dwt_readfromdevice &rArr; readfromspi &rArr; HAL_SPI_TransmitReceive &rArr; SPI_WaitOnFlagUntilTimeout
</UL>
<BR>[Calls]<UL><LI><a href="#[79]">&gt;&gt;</a>&nbsp;&nbsp;&nbsp;dwt_write8bitoffsetreg
<LI><a href="#[7b]">&gt;&gt;</a>&nbsp;&nbsp;&nbsp;dwt_write16bitoffsetreg
<LI><a href="#[83]">&gt;&gt;</a>&nbsp;&nbsp;&nbsp;dwt_read32bitoffsetreg
</UL>
<BR>[Called By]<UL><LI><a href="#[9f]">&gt;&gt;</a>&nbsp;&nbsp;&nbsp;dwt_otpread
<LI><a href="#[97]">&gt;&gt;</a>&nbsp;&nbsp;&nbsp;dwt_initialise
</UL>

<P><STRONG><a name="[84]"></a>anchor_loop</STRONG> (Thumb, 30 bytes, Stack size 8 bytes, my_app_common.o(i.anchor_loop))
<BR><BR>[Stack]<UL><LI>Max Depth = 4456<LI>Call Chain = anchor_loop &rArr; instancerxon &rArr; dwt_rxenable &rArr; dwt_forcetrxoff &rArr; dwt_syncrxbufptrs &rArr; dwt_read8bitoffsetreg &rArr; dwt_readfromdevice &rArr; readfromspi &rArr; HAL_SPI_TransmitReceive &rArr; SPI_WaitOnFlagUntilTimeout
</UL>
<BR>[Calls]<UL><LI><a href="#[85]">&gt;&gt;</a>&nbsp;&nbsp;&nbsp;instancerxon
</UL>
<BR>[Called By]<UL><LI><a href="#[8b]">&gt;&gt;</a>&nbsp;&nbsp;&nbsp;dw_main
</UL>

<P><STRONG><a name="[81]"></a>deca_sleep</STRONG> (Thumb, 4 bytes, Stack size 0 bytes, deca_sleep.o(i.deca_sleep))
<BR><BR>[Stack]<UL><LI>Max Depth = 16<LI>Call Chain = deca_sleep &rArr; Sleep &rArr; HAL_Delay
</UL>
<BR>[Calls]<UL><LI><a href="#[72]">&gt;&gt;</a>&nbsp;&nbsp;&nbsp;Sleep
</UL>
<BR>[Called By]<UL><LI><a href="#[99]">&gt;&gt;</a>&nbsp;&nbsp;&nbsp;dwt_softreset
<LI><a href="#[80]">&gt;&gt;</a>&nbsp;&nbsp;&nbsp;_dwt_loaducodefromrom
</UL>

<P><STRONG><a name="[86]"></a>decamutexoff</STRONG> (Thumb, 10 bytes, Stack size 0 bytes, deca_mutex.o(i.decamutexoff))
<BR><BR>[Calls]<UL><LI><a href="#[87]">&gt;&gt;</a>&nbsp;&nbsp;&nbsp;port_EnableEXT_IRQ
</UL>
<BR>[Called By]<UL><LI><a href="#[a5]">&gt;&gt;</a>&nbsp;&nbsp;&nbsp;dwt_setinterrupt
<LI><a href="#[94]">&gt;&gt;</a>&nbsp;&nbsp;&nbsp;dwt_forcetrxoff
</UL>

<P><STRONG><a name="[88]"></a>decamutexon</STRONG> (Thumb, 18 bytes, Stack size 8 bytes, deca_mutex.o(i.decamutexon))
<BR><BR>[Stack]<UL><LI>Max Depth = 8<LI>Call Chain = decamutexon
</UL>
<BR>[Calls]<UL><LI><a href="#[89]">&gt;&gt;</a>&nbsp;&nbsp;&nbsp;port_GetEXT_IRQStatus
<LI><a href="#[8a]">&gt;&gt;</a>&nbsp;&nbsp;&nbsp;port_DisableEXT_IRQ
</UL>
<BR>[Called By]<UL><LI><a href="#[a5]">&gt;&gt;</a>&nbsp;&nbsp;&nbsp;dwt_setinterrupt
<LI><a href="#[94]">&gt;&gt;</a>&nbsp;&nbsp;&nbsp;dwt_forcetrxoff
</UL>

<P><STRONG><a name="[b0]"></a>decarangingmode</STRONG> (Thumb, 24 bytes, Stack size 0 bytes, my_ranging.o(i.decarangingmode))
<BR><BR>[Called By]<UL><LI><a href="#[90]">&gt;&gt;</a>&nbsp;&nbsp;&nbsp;inittestapplication
</UL>

<P><STRONG><a name="[8b]"></a>dw_main</STRONG> (Thumb, 250 bytes, Stack size 120 bytes, my_ranging.o(i.dw_main))
<BR><BR>[Stack]<UL><LI>Max Depth = 4656<LI>Call Chain = dw_main &rArr; inittestapplication &rArr; instance_config &rArr; dwt_otpread &rArr; _dwt_otpread &rArr; dwt_read32bitoffsetreg &rArr; dwt_readfromdevice &rArr; readfromspi &rArr; HAL_SPI_TransmitReceive &rArr; SPI_WaitOnFlagUntilTimeout
</UL>
<BR>[Calls]<UL><LI><a href="#[8f]">&gt;&gt;</a>&nbsp;&nbsp;&nbsp;writetoLCD
<LI><a href="#[8e]">&gt;&gt;</a>&nbsp;&nbsp;&nbsp;port_is_switch_on
<LI><a href="#[87]">&gt;&gt;</a>&nbsp;&nbsp;&nbsp;port_EnableEXT_IRQ
<LI><a href="#[8a]">&gt;&gt;</a>&nbsp;&nbsp;&nbsp;port_DisableEXT_IRQ
<LI><a href="#[8c]">&gt;&gt;</a>&nbsp;&nbsp;&nbsp;peripherals_init
<LI><a href="#[8d]">&gt;&gt;</a>&nbsp;&nbsp;&nbsp;instance_get_local_structure_ptr
<LI><a href="#[84]">&gt;&gt;</a>&nbsp;&nbsp;&nbsp;anchor_loop
<LI><a href="#[90]">&gt;&gt;</a>&nbsp;&nbsp;&nbsp;inittestapplication
<LI><a href="#[4e]">&gt;&gt;</a>&nbsp;&nbsp;&nbsp;__aeabi_memclr
<LI><a href="#[4f]">&gt;&gt;</a>&nbsp;&nbsp;&nbsp;__aeabi_memset
</UL>
<BR>[Called By]<UL><LI><a href="#[45]">&gt;&gt;</a>&nbsp;&nbsp;&nbsp;main
</UL>

<P><STRONG><a name="[91]"></a>dwt_configure</STRONG> (Thumb, 484 bytes, Stack size 40 bytes, deca_device.o(i.dwt_configure))
<BR><BR>[Stack]<UL><LI>Max Depth = 160<LI>Call Chain = dwt_configure &rArr; _dwt_configlde &rArr; dwt_write8bitoffsetreg &rArr; dwt_writetodevice &rArr; writetospi &rArr; HAL_SPI_Transmit &rArr; SPI_WaitOnFlagUntilTimeout
</UL>
<BR>[Calls]<UL><LI><a href="#[79]">&gt;&gt;</a>&nbsp;&nbsp;&nbsp;dwt_write8bitoffsetreg
<LI><a href="#[92]">&gt;&gt;</a>&nbsp;&nbsp;&nbsp;dwt_write32bitoffsetreg
<LI><a href="#[7b]">&gt;&gt;</a>&nbsp;&nbsp;&nbsp;dwt_write16bitoffsetreg
<LI><a href="#[7a]">&gt;&gt;</a>&nbsp;&nbsp;&nbsp;_dwt_configlde
</UL>
<BR>[Called By]<UL><LI><a href="#[b1]">&gt;&gt;</a>&nbsp;&nbsp;&nbsp;instance_config
</UL>

<P><STRONG><a name="[93]"></a>dwt_configuretxrf</STRONG> (Thumb, 28 bytes, Stack size 8 bytes, deca_device.o(i.dwt_configuretxrf))
<BR><BR>[Stack]<UL><LI>Max Depth = 120<LI>Call Chain = dwt_configuretxrf &rArr; dwt_write8bitoffsetreg &rArr; dwt_writetodevice &rArr; writetospi &rArr; HAL_SPI_Transmit &rArr; SPI_WaitOnFlagUntilTimeout
</UL>
<BR>[Calls]<UL><LI><a href="#[79]">&gt;&gt;</a>&nbsp;&nbsp;&nbsp;dwt_write8bitoffsetreg
<LI><a href="#[92]">&gt;&gt;</a>&nbsp;&nbsp;&nbsp;dwt_write32bitoffsetreg
</UL>
<BR>[Called By]<UL><LI><a href="#[b1]">&gt;&gt;</a>&nbsp;&nbsp;&nbsp;instance_config
</UL>

<P><STRONG><a name="[94]"></a>dwt_forcetrxoff</STRONG> (Thumb, 76 bytes, Stack size 16 bytes, deca_device.o(i.dwt_forcetrxoff))
<BR><BR>[Stack]<UL><LI>Max Depth = 4424<LI>Call Chain = dwt_forcetrxoff &rArr; dwt_syncrxbufptrs &rArr; dwt_read8bitoffsetreg &rArr; dwt_readfromdevice &rArr; readfromspi &rArr; HAL_SPI_TransmitReceive &rArr; SPI_WaitOnFlagUntilTimeout
</UL>
<BR>[Calls]<UL><LI><a href="#[88]">&gt;&gt;</a>&nbsp;&nbsp;&nbsp;decamutexon
<LI><a href="#[86]">&gt;&gt;</a>&nbsp;&nbsp;&nbsp;decamutexoff
<LI><a href="#[79]">&gt;&gt;</a>&nbsp;&nbsp;&nbsp;dwt_write8bitoffsetreg
<LI><a href="#[92]">&gt;&gt;</a>&nbsp;&nbsp;&nbsp;dwt_write32bitoffsetreg
<LI><a href="#[95]">&gt;&gt;</a>&nbsp;&nbsp;&nbsp;dwt_syncrxbufptrs
<LI><a href="#[83]">&gt;&gt;</a>&nbsp;&nbsp;&nbsp;dwt_read32bitoffsetreg
</UL>
<BR>[Called By]<UL><LI><a href="#[a3]">&gt;&gt;</a>&nbsp;&nbsp;&nbsp;dwt_rxenable
<LI><a href="#[9c]">&gt;&gt;</a>&nbsp;&nbsp;&nbsp;dwt_isr
</UL>

<P><STRONG><a name="[96]"></a>dwt_geteui</STRONG> (Thumb, 12 bytes, Stack size 0 bytes, deca_device.o(i.dwt_geteui))
<BR><BR>[Stack]<UL><LI>Max Depth = 4392<LI>Call Chain = dwt_geteui &rArr; dwt_readfromdevice &rArr; readfromspi &rArr; HAL_SPI_TransmitReceive &rArr; SPI_WaitOnFlagUntilTimeout
</UL>
<BR>[Calls]<UL><LI><a href="#[7e]">&gt;&gt;</a>&nbsp;&nbsp;&nbsp;dwt_readfromdevice
</UL>
<BR>[Called By]<UL><LI><a href="#[ae]">&gt;&gt;</a>&nbsp;&nbsp;&nbsp;instance_init
</UL>

<P><STRONG><a name="[97]"></a>dwt_initialise</STRONG> (Thumb, 200 bytes, Stack size 16 bytes, deca_device.o(i.dwt_initialise))
<BR><BR>[Stack]<UL><LI>Max Depth = 4440<LI>Call Chain = dwt_initialise &rArr; dwt_softreset &rArr; _dwt_disablesequencing &rArr; _dwt_enableclocks &rArr; dwt_readfromdevice &rArr; readfromspi &rArr; HAL_SPI_TransmitReceive &rArr; SPI_WaitOnFlagUntilTimeout
</UL>
<BR>[Calls]<UL><LI><a href="#[99]">&gt;&gt;</a>&nbsp;&nbsp;&nbsp;dwt_softreset
<LI><a href="#[98]">&gt;&gt;</a>&nbsp;&nbsp;&nbsp;dwt_readdevid
<LI><a href="#[79]">&gt;&gt;</a>&nbsp;&nbsp;&nbsp;dwt_write8bitoffsetreg
<LI><a href="#[7b]">&gt;&gt;</a>&nbsp;&nbsp;&nbsp;dwt_write16bitoffsetreg
<LI><a href="#[9a]">&gt;&gt;</a>&nbsp;&nbsp;&nbsp;dwt_setxtaltrim
<LI><a href="#[83]">&gt;&gt;</a>&nbsp;&nbsp;&nbsp;dwt_read32bitoffsetreg
<LI><a href="#[9b]">&gt;&gt;</a>&nbsp;&nbsp;&nbsp;dwt_read16bitoffsetreg
<LI><a href="#[82]">&gt;&gt;</a>&nbsp;&nbsp;&nbsp;_dwt_otpread
<LI><a href="#[80]">&gt;&gt;</a>&nbsp;&nbsp;&nbsp;_dwt_loaducodefromrom
<LI><a href="#[7d]">&gt;&gt;</a>&nbsp;&nbsp;&nbsp;_dwt_enableclocks
</UL>
<BR>[Called By]<UL><LI><a href="#[ae]">&gt;&gt;</a>&nbsp;&nbsp;&nbsp;instance_init
</UL>

<P><STRONG><a name="[9c]"></a>dwt_isr</STRONG> (Thumb, 268 bytes, Stack size 24 bytes, deca_device.o(i.dwt_isr))
<BR><BR>[Stack]<UL><LI>Max Depth = 4448<LI>Call Chain = dwt_isr &rArr; dwt_forcetrxoff &rArr; dwt_syncrxbufptrs &rArr; dwt_read8bitoffsetreg &rArr; dwt_readfromdevice &rArr; readfromspi &rArr; HAL_SPI_TransmitReceive &rArr; SPI_WaitOnFlagUntilTimeout
</UL>
<BR>[Calls]<UL><LI><a href="#[79]">&gt;&gt;</a>&nbsp;&nbsp;&nbsp;dwt_write8bitoffsetreg
<LI><a href="#[92]">&gt;&gt;</a>&nbsp;&nbsp;&nbsp;dwt_write32bitoffsetreg
<LI><a href="#[9d]">&gt;&gt;</a>&nbsp;&nbsp;&nbsp;dwt_rxreset
<LI><a href="#[7e]">&gt;&gt;</a>&nbsp;&nbsp;&nbsp;dwt_readfromdevice
<LI><a href="#[83]">&gt;&gt;</a>&nbsp;&nbsp;&nbsp;dwt_read32bitoffsetreg
<LI><a href="#[9b]">&gt;&gt;</a>&nbsp;&nbsp;&nbsp;dwt_read16bitoffsetreg
<LI><a href="#[94]">&gt;&gt;</a>&nbsp;&nbsp;&nbsp;dwt_forcetrxoff
</UL>
<BR>[Called By]<UL><LI><a href="#[56]">&gt;&gt;</a>&nbsp;&nbsp;&nbsp;process_deca_irq
</UL>

<P><STRONG><a name="[9e]"></a>dwt_loadopsettabfromotp</STRONG> (Thumb, 36 bytes, Stack size 8 bytes, deca_device.o(i.dwt_loadopsettabfromotp))
<BR><BR>[Stack]<UL><LI>Max Depth = 4416<LI>Call Chain = dwt_loadopsettabfromotp &rArr; _dwt_enableclocks &rArr; dwt_readfromdevice &rArr; readfromspi &rArr; HAL_SPI_TransmitReceive &rArr; SPI_WaitOnFlagUntilTimeout
</UL>
<BR>[Calls]<UL><LI><a href="#[7b]">&gt;&gt;</a>&nbsp;&nbsp;&nbsp;dwt_write16bitoffsetreg
<LI><a href="#[7d]">&gt;&gt;</a>&nbsp;&nbsp;&nbsp;_dwt_enableclocks
</UL>
<BR>[Called By]<UL><LI><a href="#[b1]">&gt;&gt;</a>&nbsp;&nbsp;&nbsp;instance_config
</UL>

<P><STRONG><a name="[9f]"></a>dwt_otpread</STRONG> (Thumb, 46 bytes, Stack size 24 bytes, deca_device.o(i.dwt_otpread))
<BR><BR>[Stack]<UL><LI>Max Depth = 4440<LI>Call Chain = dwt_otpread &rArr; _dwt_otpread &rArr; dwt_read32bitoffsetreg &rArr; dwt_readfromdevice &rArr; readfromspi &rArr; HAL_SPI_TransmitReceive &rArr; SPI_WaitOnFlagUntilTimeout
</UL>
<BR>[Calls]<UL><LI><a href="#[82]">&gt;&gt;</a>&nbsp;&nbsp;&nbsp;_dwt_otpread
<LI><a href="#[7d]">&gt;&gt;</a>&nbsp;&nbsp;&nbsp;_dwt_enableclocks
</UL>
<BR>[Called By]<UL><LI><a href="#[b1]">&gt;&gt;</a>&nbsp;&nbsp;&nbsp;instance_config
</UL>

<P><STRONG><a name="[b2]"></a>dwt_otprevision</STRONG> (Thumb, 6 bytes, Stack size 0 bytes, deca_device.o(i.dwt_otprevision))
<BR><BR>[Called By]<UL><LI><a href="#[b1]">&gt;&gt;</a>&nbsp;&nbsp;&nbsp;instance_config
</UL>

<P><STRONG><a name="[9b]"></a>dwt_read16bitoffsetreg</STRONG> (Thumb, 30 bytes, Stack size 8 bytes, deca_device.o(i.dwt_read16bitoffsetreg))
<BR><BR>[Stack]<UL><LI>Max Depth = 4400<LI>Call Chain = dwt_read16bitoffsetreg &rArr; dwt_readfromdevice &rArr; readfromspi &rArr; HAL_SPI_TransmitReceive &rArr; SPI_WaitOnFlagUntilTimeout
</UL>
<BR>[Calls]<UL><LI><a href="#[7e]">&gt;&gt;</a>&nbsp;&nbsp;&nbsp;dwt_readfromdevice
</UL>
<BR>[Called By]<UL><LI><a href="#[97]">&gt;&gt;</a>&nbsp;&nbsp;&nbsp;dwt_initialise
<LI><a href="#[9c]">&gt;&gt;</a>&nbsp;&nbsp;&nbsp;dwt_isr
</UL>

<P><STRONG><a name="[83]"></a>dwt_read32bitoffsetreg</STRONG> (Thumb, 34 bytes, Stack size 16 bytes, deca_device.o(i.dwt_read32bitoffsetreg))
<BR><BR>[Stack]<UL><LI>Max Depth = 4408<LI>Call Chain = dwt_read32bitoffsetreg &rArr; dwt_readfromdevice &rArr; readfromspi &rArr; HAL_SPI_TransmitReceive &rArr; SPI_WaitOnFlagUntilTimeout
</UL>
<BR>[Calls]<UL><LI><a href="#[7e]">&gt;&gt;</a>&nbsp;&nbsp;&nbsp;dwt_readfromdevice
</UL>
<BR>[Called By]<UL><LI><a href="#[97]">&gt;&gt;</a>&nbsp;&nbsp;&nbsp;dwt_initialise
<LI><a href="#[a5]">&gt;&gt;</a>&nbsp;&nbsp;&nbsp;dwt_setinterrupt
<LI><a href="#[98]">&gt;&gt;</a>&nbsp;&nbsp;&nbsp;dwt_readdevid
<LI><a href="#[94]">&gt;&gt;</a>&nbsp;&nbsp;&nbsp;dwt_forcetrxoff
<LI><a href="#[82]">&gt;&gt;</a>&nbsp;&nbsp;&nbsp;_dwt_otpread
<LI><a href="#[9c]">&gt;&gt;</a>&nbsp;&nbsp;&nbsp;dwt_isr
</UL>

<P><STRONG><a name="[a0]"></a>dwt_read8bitoffsetreg</STRONG> (Thumb, 20 bytes, Stack size 8 bytes, deca_device.o(i.dwt_read8bitoffsetreg))
<BR><BR>[Stack]<UL><LI>Max Depth = 4400<LI>Call Chain = dwt_read8bitoffsetreg &rArr; dwt_readfromdevice &rArr; readfromspi &rArr; HAL_SPI_TransmitReceive &rArr; SPI_WaitOnFlagUntilTimeout
</UL>
<BR>[Calls]<UL><LI><a href="#[7e]">&gt;&gt;</a>&nbsp;&nbsp;&nbsp;dwt_readfromdevice
</UL>
<BR>[Called By]<UL><LI><a href="#[a3]">&gt;&gt;</a>&nbsp;&nbsp;&nbsp;dwt_rxenable
<LI><a href="#[95]">&gt;&gt;</a>&nbsp;&nbsp;&nbsp;dwt_syncrxbufptrs
</UL>

<P><STRONG><a name="[98]"></a>dwt_readdevid</STRONG> (Thumb, 8 bytes, Stack size 0 bytes, deca_device.o(i.dwt_readdevid))
<BR><BR>[Stack]<UL><LI>Max Depth = 4408<LI>Call Chain = dwt_readdevid &rArr; dwt_read32bitoffsetreg &rArr; dwt_readfromdevice &rArr; readfromspi &rArr; HAL_SPI_TransmitReceive &rArr; SPI_WaitOnFlagUntilTimeout
</UL>
<BR>[Calls]<UL><LI><a href="#[83]">&gt;&gt;</a>&nbsp;&nbsp;&nbsp;dwt_read32bitoffsetreg
</UL>
<BR>[Called By]<UL><LI><a href="#[97]">&gt;&gt;</a>&nbsp;&nbsp;&nbsp;dwt_initialise
<LI><a href="#[90]">&gt;&gt;</a>&nbsp;&nbsp;&nbsp;inittestapplication
<LI><a href="#[45]">&gt;&gt;</a>&nbsp;&nbsp;&nbsp;main
</UL>

<P><STRONG><a name="[7e]"></a>dwt_readfromdevice</STRONG> (Thumb, 58 bytes, Stack size 8 bytes, deca_device.o(i.dwt_readfromdevice))
<BR><BR>[Stack]<UL><LI>Max Depth = 4392<LI>Call Chain = dwt_readfromdevice &rArr; readfromspi &rArr; HAL_SPI_TransmitReceive &rArr; SPI_WaitOnFlagUntilTimeout
</UL>
<BR>[Calls]<UL><LI><a href="#[a1]">&gt;&gt;</a>&nbsp;&nbsp;&nbsp;readfromspi
</UL>
<BR>[Called By]<UL><LI><a href="#[a2]">&gt;&gt;</a>&nbsp;&nbsp;&nbsp;dwt_readrxdata
<LI><a href="#[96]">&gt;&gt;</a>&nbsp;&nbsp;&nbsp;dwt_geteui
<LI><a href="#[a0]">&gt;&gt;</a>&nbsp;&nbsp;&nbsp;dwt_read8bitoffsetreg
<LI><a href="#[83]">&gt;&gt;</a>&nbsp;&nbsp;&nbsp;dwt_read32bitoffsetreg
<LI><a href="#[9b]">&gt;&gt;</a>&nbsp;&nbsp;&nbsp;dwt_read16bitoffsetreg
<LI><a href="#[7d]">&gt;&gt;</a>&nbsp;&nbsp;&nbsp;_dwt_enableclocks
<LI><a href="#[9c]">&gt;&gt;</a>&nbsp;&nbsp;&nbsp;dwt_isr
</UL>

<P><STRONG><a name="[a2]"></a>dwt_readrxdata</STRONG> (Thumb, 18 bytes, Stack size 8 bytes, deca_device.o(i.dwt_readrxdata))
<BR><BR>[Stack]<UL><LI>Max Depth = 4400<LI>Call Chain = dwt_readrxdata &rArr; dwt_readfromdevice &rArr; readfromspi &rArr; HAL_SPI_TransmitReceive &rArr; SPI_WaitOnFlagUntilTimeout
</UL>
<BR>[Calls]<UL><LI><a href="#[7e]">&gt;&gt;</a>&nbsp;&nbsp;&nbsp;dwt_readfromdevice
</UL>
<BR>[Called By]<UL><LI><a href="#[4a]">&gt;&gt;</a>&nbsp;&nbsp;&nbsp;instance_rxgoodcallback
</UL>

<P><STRONG><a name="[a3]"></a>dwt_rxenable</STRONG> (Thumb, 78 bytes, Stack size 16 bytes, deca_device.o(i.dwt_rxenable))
<BR><BR>[Stack]<UL><LI>Max Depth = 4440<LI>Call Chain = dwt_rxenable &rArr; dwt_forcetrxoff &rArr; dwt_syncrxbufptrs &rArr; dwt_read8bitoffsetreg &rArr; dwt_readfromdevice &rArr; readfromspi &rArr; HAL_SPI_TransmitReceive &rArr; SPI_WaitOnFlagUntilTimeout
</UL>
<BR>[Calls]<UL><LI><a href="#[7b]">&gt;&gt;</a>&nbsp;&nbsp;&nbsp;dwt_write16bitoffsetreg
<LI><a href="#[95]">&gt;&gt;</a>&nbsp;&nbsp;&nbsp;dwt_syncrxbufptrs
<LI><a href="#[a0]">&gt;&gt;</a>&nbsp;&nbsp;&nbsp;dwt_read8bitoffsetreg
<LI><a href="#[94]">&gt;&gt;</a>&nbsp;&nbsp;&nbsp;dwt_forcetrxoff
</UL>
<BR>[Called By]<UL><LI><a href="#[85]">&gt;&gt;</a>&nbsp;&nbsp;&nbsp;instancerxon
</UL>

<P><STRONG><a name="[9d]"></a>dwt_rxreset</STRONG> (Thumb, 26 bytes, Stack size 8 bytes, deca_device.o(i.dwt_rxreset))
<BR><BR>[Stack]<UL><LI>Max Depth = 120<LI>Call Chain = dwt_rxreset &rArr; dwt_write8bitoffsetreg &rArr; dwt_writetodevice &rArr; writetospi &rArr; HAL_SPI_Transmit &rArr; SPI_WaitOnFlagUntilTimeout
</UL>
<BR>[Calls]<UL><LI><a href="#[79]">&gt;&gt;</a>&nbsp;&nbsp;&nbsp;dwt_write8bitoffsetreg
</UL>
<BR>[Called By]<UL><LI><a href="#[9c]">&gt;&gt;</a>&nbsp;&nbsp;&nbsp;dwt_isr
</UL>

<P><STRONG><a name="[aa]"></a>dwt_setcallbacks</STRONG> (Thumb, 10 bytes, Stack size 8 bytes, deca_device.o(i.dwt_setcallbacks))
<BR><BR>[Stack]<UL><LI>Max Depth = 8<LI>Call Chain = dwt_setcallbacks
</UL>
<BR>[Called By]<UL><LI><a href="#[a9]">&gt;&gt;</a>&nbsp;&nbsp;&nbsp;init_CB_enable_IRQ
</UL>

<P><STRONG><a name="[a4]"></a>dwt_setdelayedtrxtime</STRONG> (Thumb, 10 bytes, Stack size 0 bytes, deca_device.o(i.dwt_setdelayedtrxtime))
<BR><BR>[Stack]<UL><LI>Max Depth = 112<LI>Call Chain = dwt_setdelayedtrxtime &rArr; dwt_write32bitoffsetreg &rArr; dwt_writetodevice &rArr; writetospi &rArr; HAL_SPI_Transmit &rArr; SPI_WaitOnFlagUntilTimeout
</UL>
<BR>[Calls]<UL><LI><a href="#[92]">&gt;&gt;</a>&nbsp;&nbsp;&nbsp;dwt_write32bitoffsetreg
</UL>
<BR>[Called By]<UL><LI><a href="#[85]">&gt;&gt;</a>&nbsp;&nbsp;&nbsp;instancerxon
</UL>

<P><STRONG><a name="[a5]"></a>dwt_setinterrupt</STRONG> (Thumb, 48 bytes, Stack size 16 bytes, deca_device.o(i.dwt_setinterrupt))
<BR><BR>[Stack]<UL><LI>Max Depth = 4424<LI>Call Chain = dwt_setinterrupt &rArr; dwt_read32bitoffsetreg &rArr; dwt_readfromdevice &rArr; readfromspi &rArr; HAL_SPI_TransmitReceive &rArr; SPI_WaitOnFlagUntilTimeout
</UL>
<BR>[Calls]<UL><LI><a href="#[88]">&gt;&gt;</a>&nbsp;&nbsp;&nbsp;decamutexon
<LI><a href="#[86]">&gt;&gt;</a>&nbsp;&nbsp;&nbsp;decamutexoff
<LI><a href="#[92]">&gt;&gt;</a>&nbsp;&nbsp;&nbsp;dwt_write32bitoffsetreg
<LI><a href="#[83]">&gt;&gt;</a>&nbsp;&nbsp;&nbsp;dwt_read32bitoffsetreg
</UL>
<BR>[Called By]<UL><LI><a href="#[a9]">&gt;&gt;</a>&nbsp;&nbsp;&nbsp;init_CB_enable_IRQ
</UL>

<P><STRONG><a name="[a6]"></a>dwt_setrxantennadelay</STRONG> (Thumb, 12 bytes, Stack size 0 bytes, deca_device.o(i.dwt_setrxantennadelay))
<BR><BR>[Stack]<UL><LI>Max Depth = 104<LI>Call Chain = dwt_setrxantennadelay &rArr; dwt_write16bitoffsetreg &rArr; dwt_writetodevice &rArr; writetospi &rArr; HAL_SPI_Transmit &rArr; SPI_WaitOnFlagUntilTimeout
</UL>
<BR>[Calls]<UL><LI><a href="#[7b]">&gt;&gt;</a>&nbsp;&nbsp;&nbsp;dwt_write16bitoffsetreg
</UL>
<BR>[Called By]<UL><LI><a href="#[b1]">&gt;&gt;</a>&nbsp;&nbsp;&nbsp;instance_config
</UL>

<P><STRONG><a name="[a7]"></a>dwt_settxantennadelay</STRONG> (Thumb, 10 bytes, Stack size 0 bytes, deca_device.o(i.dwt_settxantennadelay))
<BR><BR>[Stack]<UL><LI>Max Depth = 104<LI>Call Chain = dwt_settxantennadelay &rArr; dwt_write16bitoffsetreg &rArr; dwt_writetodevice &rArr; writetospi &rArr; HAL_SPI_Transmit &rArr; SPI_WaitOnFlagUntilTimeout
</UL>
<BR>[Calls]<UL><LI><a href="#[7b]">&gt;&gt;</a>&nbsp;&nbsp;&nbsp;dwt_write16bitoffsetreg
</UL>
<BR>[Called By]<UL><LI><a href="#[b1]">&gt;&gt;</a>&nbsp;&nbsp;&nbsp;instance_config
</UL>

<P><STRONG><a name="[9a]"></a>dwt_setxtaltrim</STRONG> (Thumb, 16 bytes, Stack size 0 bytes, deca_device.o(i.dwt_setxtaltrim))
<BR><BR>[Stack]<UL><LI>Max Depth = 112<LI>Call Chain = dwt_setxtaltrim &rArr; dwt_write8bitoffsetreg &rArr; dwt_writetodevice &rArr; writetospi &rArr; HAL_SPI_Transmit &rArr; SPI_WaitOnFlagUntilTimeout
</UL>
<BR>[Calls]<UL><LI><a href="#[79]">&gt;&gt;</a>&nbsp;&nbsp;&nbsp;dwt_write8bitoffsetreg
</UL>
<BR>[Called By]<UL><LI><a href="#[97]">&gt;&gt;</a>&nbsp;&nbsp;&nbsp;dwt_initialise
</UL>

<P><STRONG><a name="[99]"></a>dwt_softreset</STRONG> (Thumb, 64 bytes, Stack size 8 bytes, deca_device.o(i.dwt_softreset))
<BR><BR>[Stack]<UL><LI>Max Depth = 4424<LI>Call Chain = dwt_softreset &rArr; _dwt_disablesequencing &rArr; _dwt_enableclocks &rArr; dwt_readfromdevice &rArr; readfromspi &rArr; HAL_SPI_TransmitReceive &rArr; SPI_WaitOnFlagUntilTimeout
</UL>
<BR>[Calls]<UL><LI><a href="#[81]">&gt;&gt;</a>&nbsp;&nbsp;&nbsp;deca_sleep
<LI><a href="#[79]">&gt;&gt;</a>&nbsp;&nbsp;&nbsp;dwt_write8bitoffsetreg
<LI><a href="#[7b]">&gt;&gt;</a>&nbsp;&nbsp;&nbsp;dwt_write16bitoffsetreg
<LI><a href="#[7c]">&gt;&gt;</a>&nbsp;&nbsp;&nbsp;_dwt_disablesequencing
<LI><a href="#[78]">&gt;&gt;</a>&nbsp;&nbsp;&nbsp;_dwt_aonarrayupload
</UL>
<BR>[Called By]<UL><LI><a href="#[97]">&gt;&gt;</a>&nbsp;&nbsp;&nbsp;dwt_initialise
<LI><a href="#[ae]">&gt;&gt;</a>&nbsp;&nbsp;&nbsp;instance_init
<LI><a href="#[90]">&gt;&gt;</a>&nbsp;&nbsp;&nbsp;inittestapplication
</UL>

<P><STRONG><a name="[95]"></a>dwt_syncrxbufptrs</STRONG> (Thumb, 40 bytes, Stack size 8 bytes, deca_device.o(i.dwt_syncrxbufptrs))
<BR><BR>[Stack]<UL><LI>Max Depth = 4408<LI>Call Chain = dwt_syncrxbufptrs &rArr; dwt_read8bitoffsetreg &rArr; dwt_readfromdevice &rArr; readfromspi &rArr; HAL_SPI_TransmitReceive &rArr; SPI_WaitOnFlagUntilTimeout
</UL>
<BR>[Calls]<UL><LI><a href="#[79]">&gt;&gt;</a>&nbsp;&nbsp;&nbsp;dwt_write8bitoffsetreg
<LI><a href="#[a0]">&gt;&gt;</a>&nbsp;&nbsp;&nbsp;dwt_read8bitoffsetreg
</UL>
<BR>[Called By]<UL><LI><a href="#[a3]">&gt;&gt;</a>&nbsp;&nbsp;&nbsp;dwt_rxenable
<LI><a href="#[94]">&gt;&gt;</a>&nbsp;&nbsp;&nbsp;dwt_forcetrxoff
</UL>

<P><STRONG><a name="[7b]"></a>dwt_write16bitoffsetreg</STRONG> (Thumb, 26 bytes, Stack size 8 bytes, deca_device.o(i.dwt_write16bitoffsetreg))
<BR><BR>[Stack]<UL><LI>Max Depth = 104<LI>Call Chain = dwt_write16bitoffsetreg &rArr; dwt_writetodevice &rArr; writetospi &rArr; HAL_SPI_Transmit &rArr; SPI_WaitOnFlagUntilTimeout
</UL>
<BR>[Calls]<UL><LI><a href="#[7f]">&gt;&gt;</a>&nbsp;&nbsp;&nbsp;dwt_writetodevice
</UL>
<BR>[Called By]<UL><LI><a href="#[a7]">&gt;&gt;</a>&nbsp;&nbsp;&nbsp;dwt_settxantennadelay
<LI><a href="#[a6]">&gt;&gt;</a>&nbsp;&nbsp;&nbsp;dwt_setrxantennadelay
<LI><a href="#[9e]">&gt;&gt;</a>&nbsp;&nbsp;&nbsp;dwt_loadopsettabfromotp
<LI><a href="#[97]">&gt;&gt;</a>&nbsp;&nbsp;&nbsp;dwt_initialise
<LI><a href="#[91]">&gt;&gt;</a>&nbsp;&nbsp;&nbsp;dwt_configure
<LI><a href="#[a3]">&gt;&gt;</a>&nbsp;&nbsp;&nbsp;dwt_rxenable
<LI><a href="#[99]">&gt;&gt;</a>&nbsp;&nbsp;&nbsp;dwt_softreset
<LI><a href="#[82]">&gt;&gt;</a>&nbsp;&nbsp;&nbsp;_dwt_otpread
<LI><a href="#[80]">&gt;&gt;</a>&nbsp;&nbsp;&nbsp;_dwt_loaducodefromrom
<LI><a href="#[7c]">&gt;&gt;</a>&nbsp;&nbsp;&nbsp;_dwt_disablesequencing
<LI><a href="#[7a]">&gt;&gt;</a>&nbsp;&nbsp;&nbsp;_dwt_configlde
</UL>

<P><STRONG><a name="[92]"></a>dwt_write32bitoffsetreg</STRONG> (Thumb, 30 bytes, Stack size 16 bytes, deca_device.o(i.dwt_write32bitoffsetreg))
<BR><BR>[Stack]<UL><LI>Max Depth = 112<LI>Call Chain = dwt_write32bitoffsetreg &rArr; dwt_writetodevice &rArr; writetospi &rArr; HAL_SPI_Transmit &rArr; SPI_WaitOnFlagUntilTimeout
</UL>
<BR>[Calls]<UL><LI><a href="#[7f]">&gt;&gt;</a>&nbsp;&nbsp;&nbsp;dwt_writetodevice
</UL>
<BR>[Called By]<UL><LI><a href="#[93]">&gt;&gt;</a>&nbsp;&nbsp;&nbsp;dwt_configuretxrf
<LI><a href="#[91]">&gt;&gt;</a>&nbsp;&nbsp;&nbsp;dwt_configure
<LI><a href="#[a5]">&gt;&gt;</a>&nbsp;&nbsp;&nbsp;dwt_setinterrupt
<LI><a href="#[a4]">&gt;&gt;</a>&nbsp;&nbsp;&nbsp;dwt_setdelayedtrxtime
<LI><a href="#[94]">&gt;&gt;</a>&nbsp;&nbsp;&nbsp;dwt_forcetrxoff
<LI><a href="#[9c]">&gt;&gt;</a>&nbsp;&nbsp;&nbsp;dwt_isr
</UL>

<P><STRONG><a name="[79]"></a>dwt_write8bitoffsetreg</STRONG> (Thumb, 16 bytes, Stack size 16 bytes, deca_device.o(i.dwt_write8bitoffsetreg))
<BR><BR>[Stack]<UL><LI>Max Depth = 112<LI>Call Chain = dwt_write8bitoffsetreg &rArr; dwt_writetodevice &rArr; writetospi &rArr; HAL_SPI_Transmit &rArr; SPI_WaitOnFlagUntilTimeout
</UL>
<BR>[Calls]<UL><LI><a href="#[7f]">&gt;&gt;</a>&nbsp;&nbsp;&nbsp;dwt_writetodevice
</UL>
<BR>[Called By]<UL><LI><a href="#[97]">&gt;&gt;</a>&nbsp;&nbsp;&nbsp;dwt_initialise
<LI><a href="#[93]">&gt;&gt;</a>&nbsp;&nbsp;&nbsp;dwt_configuretxrf
<LI><a href="#[91]">&gt;&gt;</a>&nbsp;&nbsp;&nbsp;dwt_configure
<LI><a href="#[99]">&gt;&gt;</a>&nbsp;&nbsp;&nbsp;dwt_softreset
<LI><a href="#[95]">&gt;&gt;</a>&nbsp;&nbsp;&nbsp;dwt_syncrxbufptrs
<LI><a href="#[9a]">&gt;&gt;</a>&nbsp;&nbsp;&nbsp;dwt_setxtaltrim
<LI><a href="#[9d]">&gt;&gt;</a>&nbsp;&nbsp;&nbsp;dwt_rxreset
<LI><a href="#[94]">&gt;&gt;</a>&nbsp;&nbsp;&nbsp;dwt_forcetrxoff
<LI><a href="#[82]">&gt;&gt;</a>&nbsp;&nbsp;&nbsp;_dwt_otpread
<LI><a href="#[7a]">&gt;&gt;</a>&nbsp;&nbsp;&nbsp;_dwt_configlde
<LI><a href="#[78]">&gt;&gt;</a>&nbsp;&nbsp;&nbsp;_dwt_aonarrayupload
<LI><a href="#[9c]">&gt;&gt;</a>&nbsp;&nbsp;&nbsp;dwt_isr
</UL>

<P><STRONG><a name="[7f]"></a>dwt_writetodevice</STRONG> (Thumb, 62 bytes, Stack size 8 bytes, deca_device.o(i.dwt_writetodevice))
<BR><BR>[Stack]<UL><LI>Max Depth = 96<LI>Call Chain = dwt_writetodevice &rArr; writetospi &rArr; HAL_SPI_Transmit &rArr; SPI_WaitOnFlagUntilTimeout
</UL>
<BR>[Calls]<UL><LI><a href="#[a8]">&gt;&gt;</a>&nbsp;&nbsp;&nbsp;writetospi
</UL>
<BR>[Called By]<UL><LI><a href="#[79]">&gt;&gt;</a>&nbsp;&nbsp;&nbsp;dwt_write8bitoffsetreg
<LI><a href="#[92]">&gt;&gt;</a>&nbsp;&nbsp;&nbsp;dwt_write32bitoffsetreg
<LI><a href="#[7b]">&gt;&gt;</a>&nbsp;&nbsp;&nbsp;dwt_write16bitoffsetreg
<LI><a href="#[7d]">&gt;&gt;</a>&nbsp;&nbsp;&nbsp;_dwt_enableclocks
</UL>

<P><STRONG><a name="[a9]"></a>init_CB_enable_IRQ</STRONG> (Thumb, 26 bytes, Stack size 8 bytes, my_app_functions.o(i.init_CB_enable_IRQ))
<BR><BR>[Stack]<UL><LI>Max Depth = 4432<LI>Call Chain = init_CB_enable_IRQ &rArr; dwt_setinterrupt &rArr; dwt_read32bitoffsetreg &rArr; dwt_readfromdevice &rArr; readfromspi &rArr; HAL_SPI_TransmitReceive &rArr; SPI_WaitOnFlagUntilTimeout
</UL>
<BR>[Calls]<UL><LI><a href="#[a5]">&gt;&gt;</a>&nbsp;&nbsp;&nbsp;dwt_setinterrupt
<LI><a href="#[aa]">&gt;&gt;</a>&nbsp;&nbsp;&nbsp;dwt_setcallbacks
</UL>
<BR>[Called By]<UL><LI><a href="#[90]">&gt;&gt;</a>&nbsp;&nbsp;&nbsp;inittestapplication
</UL>

<P><STRONG><a name="[90]"></a>inittestapplication</STRONG> (Thumb, 124 bytes, Stack size 24 bytes, my_ranging.o(i.inittestapplication))
<BR><BR>[Stack]<UL><LI>Max Depth = 4536<LI>Call Chain = inittestapplication &rArr; instance_config &rArr; dwt_otpread &rArr; _dwt_otpread &rArr; dwt_read32bitoffsetreg &rArr; dwt_readfromdevice &rArr; readfromspi &rArr; HAL_SPI_TransmitReceive &rArr; SPI_WaitOnFlagUntilTimeout
</UL>
<BR>[Calls]<UL><LI><a href="#[ad]">&gt;&gt;</a>&nbsp;&nbsp;&nbsp;reset_DW1000
<LI><a href="#[ac]">&gt;&gt;</a>&nbsp;&nbsp;&nbsp;port_wakeup_dw1000
<LI><a href="#[af]">&gt;&gt;</a>&nbsp;&nbsp;&nbsp;port_set_dw1000_fastrate
<LI><a href="#[ae]">&gt;&gt;</a>&nbsp;&nbsp;&nbsp;instance_init
<LI><a href="#[b1]">&gt;&gt;</a>&nbsp;&nbsp;&nbsp;instance_config
<LI><a href="#[a9]">&gt;&gt;</a>&nbsp;&nbsp;&nbsp;init_CB_enable_IRQ
<LI><a href="#[99]">&gt;&gt;</a>&nbsp;&nbsp;&nbsp;dwt_softreset
<LI><a href="#[b0]">&gt;&gt;</a>&nbsp;&nbsp;&nbsp;decarangingmode
<LI><a href="#[ab]">&gt;&gt;</a>&nbsp;&nbsp;&nbsp;port_set_dw1000_slowrate
<LI><a href="#[98]">&gt;&gt;</a>&nbsp;&nbsp;&nbsp;dwt_readdevid
</UL>
<BR>[Called By]<UL><LI><a href="#[8b]">&gt;&gt;</a>&nbsp;&nbsp;&nbsp;dw_main
</UL>

<P><STRONG><a name="[b1]"></a>instance_config</STRONG> (Thumb, 246 bytes, Stack size 72 bytes, my_app_common.o(i.instance_config))
<BR><BR>[Stack]<UL><LI>Max Depth = 4512<LI>Call Chain = instance_config &rArr; dwt_otpread &rArr; _dwt_otpread &rArr; dwt_read32bitoffsetreg &rArr; dwt_readfromdevice &rArr; readfromspi &rArr; HAL_SPI_TransmitReceive &rArr; SPI_WaitOnFlagUntilTimeout
</UL>
<BR>[Calls]<UL><LI><a href="#[a7]">&gt;&gt;</a>&nbsp;&nbsp;&nbsp;dwt_settxantennadelay
<LI><a href="#[a6]">&gt;&gt;</a>&nbsp;&nbsp;&nbsp;dwt_setrxantennadelay
<LI><a href="#[b2]">&gt;&gt;</a>&nbsp;&nbsp;&nbsp;dwt_otprevision
<LI><a href="#[9f]">&gt;&gt;</a>&nbsp;&nbsp;&nbsp;dwt_otpread
<LI><a href="#[9e]">&gt;&gt;</a>&nbsp;&nbsp;&nbsp;dwt_loadopsettabfromotp
<LI><a href="#[93]">&gt;&gt;</a>&nbsp;&nbsp;&nbsp;dwt_configuretxrf
<LI><a href="#[91]">&gt;&gt;</a>&nbsp;&nbsp;&nbsp;dwt_configure
<LI><a href="#[af]">&gt;&gt;</a>&nbsp;&nbsp;&nbsp;port_set_dw1000_fastrate
<LI><a href="#[ab]">&gt;&gt;</a>&nbsp;&nbsp;&nbsp;port_set_dw1000_slowrate
</UL>
<BR>[Called By]<UL><LI><a href="#[90]">&gt;&gt;</a>&nbsp;&nbsp;&nbsp;inittestapplication
</UL>

<P><STRONG><a name="[8d]"></a>instance_get_local_structure_ptr</STRONG> (Thumb, 4 bytes, Stack size 0 bytes, my_app_common.o(i.instance_get_local_structure_ptr))
<BR><BR>[Called By]<UL><LI><a href="#[8b]">&gt;&gt;</a>&nbsp;&nbsp;&nbsp;dw_main
</UL>

<P><STRONG><a name="[ae]"></a>instance_init</STRONG> (Thumb, 46 bytes, Stack size 8 bytes, my_app_common.o(i.instance_init))
<BR><BR>[Stack]<UL><LI>Max Depth = 4448<LI>Call Chain = instance_init &rArr; dwt_initialise &rArr; dwt_softreset &rArr; _dwt_disablesequencing &rArr; _dwt_enableclocks &rArr; dwt_readfromdevice &rArr; readfromspi &rArr; HAL_SPI_TransmitReceive &rArr; SPI_WaitOnFlagUntilTimeout
</UL>
<BR>[Calls]<UL><LI><a href="#[97]">&gt;&gt;</a>&nbsp;&nbsp;&nbsp;dwt_initialise
<LI><a href="#[96]">&gt;&gt;</a>&nbsp;&nbsp;&nbsp;dwt_geteui
<LI><a href="#[99]">&gt;&gt;</a>&nbsp;&nbsp;&nbsp;dwt_softreset
</UL>
<BR>[Called By]<UL><LI><a href="#[90]">&gt;&gt;</a>&nbsp;&nbsp;&nbsp;inittestapplication
</UL>

<P><STRONG><a name="[48]"></a>instance_rxerrorcallback</STRONG> (Thumb, 26 bytes, Stack size 8 bytes, my_app_common.o(i.instance_rxerrorcallback))
<BR><BR>[Stack]<UL><LI>Max Depth = 4456<LI>Call Chain = instance_rxerrorcallback &rArr; instancerxon &rArr; dwt_rxenable &rArr; dwt_forcetrxoff &rArr; dwt_syncrxbufptrs &rArr; dwt_read8bitoffsetreg &rArr; dwt_readfromdevice &rArr; readfromspi &rArr; HAL_SPI_TransmitReceive &rArr; SPI_WaitOnFlagUntilTimeout
</UL>
<BR>[Calls]<UL><LI><a href="#[85]">&gt;&gt;</a>&nbsp;&nbsp;&nbsp;instancerxon
<LI><a href="#[8f]">&gt;&gt;</a>&nbsp;&nbsp;&nbsp;writetoLCD
</UL>
<BR>[Address Reference Count : 1]<UL><LI> my_app_functions.o(i.init_CB_enable_IRQ)
</UL>
<P><STRONG><a name="[4a]"></a>instance_rxgoodcallback</STRONG> (Thumb, 86 bytes, Stack size 8 bytes, my_app_common.o(i.instance_rxgoodcallback))
<BR><BR>[Stack]<UL><LI>Max Depth = 4408<LI>Call Chain = instance_rxgoodcallback &rArr; dwt_readrxdata &rArr; dwt_readfromdevice &rArr; readfromspi &rArr; HAL_SPI_TransmitReceive &rArr; SPI_WaitOnFlagUntilTimeout
</UL>
<BR>[Calls]<UL><LI><a href="#[a2]">&gt;&gt;</a>&nbsp;&nbsp;&nbsp;dwt_readrxdata
<LI><a href="#[8f]">&gt;&gt;</a>&nbsp;&nbsp;&nbsp;writetoLCD
</UL>
<BR>[Address Reference Count : 1]<UL><LI> my_app_functions.o(i.init_CB_enable_IRQ)
</UL>
<P><STRONG><a name="[49]"></a>instance_rxtimeoutcallback</STRONG> (Thumb, 26 bytes, Stack size 8 bytes, my_app_common.o(i.instance_rxtimeoutcallback))
<BR><BR>[Stack]<UL><LI>Max Depth = 4456<LI>Call Chain = instance_rxtimeoutcallback &rArr; instancerxon &rArr; dwt_rxenable &rArr; dwt_forcetrxoff &rArr; dwt_syncrxbufptrs &rArr; dwt_read8bitoffsetreg &rArr; dwt_readfromdevice &rArr; readfromspi &rArr; HAL_SPI_TransmitReceive &rArr; SPI_WaitOnFlagUntilTimeout
</UL>
<BR>[Calls]<UL><LI><a href="#[85]">&gt;&gt;</a>&nbsp;&nbsp;&nbsp;instancerxon
<LI><a href="#[8f]">&gt;&gt;</a>&nbsp;&nbsp;&nbsp;writetoLCD
</UL>
<BR>[Address Reference Count : 1]<UL><LI> my_app_functions.o(i.init_CB_enable_IRQ)
</UL>
<P><STRONG><a name="[4b]"></a>instance_txcallback</STRONG> (Thumb, 10 bytes, Stack size 0 bytes, my_app_common.o(i.instance_txcallback))
<BR>[Address Reference Count : 1]<UL><LI> my_app_functions.o(i.init_CB_enable_IRQ)
</UL>
<P><STRONG><a name="[85]"></a>instancerxon</STRONG> (Thumb, 26 bytes, Stack size 8 bytes, my_app_functions.o(i.instancerxon))
<BR><BR>[Stack]<UL><LI>Max Depth = 4448<LI>Call Chain = instancerxon &rArr; dwt_rxenable &rArr; dwt_forcetrxoff &rArr; dwt_syncrxbufptrs &rArr; dwt_read8bitoffsetreg &rArr; dwt_readfromdevice &rArr; readfromspi &rArr; HAL_SPI_TransmitReceive &rArr; SPI_WaitOnFlagUntilTimeout
</UL>
<BR>[Calls]<UL><LI><a href="#[a4]">&gt;&gt;</a>&nbsp;&nbsp;&nbsp;dwt_setdelayedtrxtime
<LI><a href="#[a3]">&gt;&gt;</a>&nbsp;&nbsp;&nbsp;dwt_rxenable
</UL>
<BR>[Called By]<UL><LI><a href="#[49]">&gt;&gt;</a>&nbsp;&nbsp;&nbsp;instance_rxtimeoutcallback
<LI><a href="#[48]">&gt;&gt;</a>&nbsp;&nbsp;&nbsp;instance_rxerrorcallback
<LI><a href="#[84]">&gt;&gt;</a>&nbsp;&nbsp;&nbsp;anchor_loop
</UL>

<P><STRONG><a name="[45]"></a>main</STRONG> (Thumb, 200 bytes, Stack size 0 bytes, main.o(i.main))
<BR><BR>[Stack]<UL><LI>Max Depth = 4656<LI>Call Chain = main &rArr; dw_main &rArr; inittestapplication &rArr; instance_config &rArr; dwt_otpread &rArr; _dwt_otpread &rArr; dwt_read32bitoffsetreg &rArr; dwt_readfromdevice &rArr; readfromspi &rArr; HAL_SPI_TransmitReceive &rArr; SPI_WaitOnFlagUntilTimeout
</UL>
<BR>[Calls]<UL><LI><a href="#[b4]">&gt;&gt;</a>&nbsp;&nbsp;&nbsp;setup_DW1000RSTnIRQ
<LI><a href="#[98]">&gt;&gt;</a>&nbsp;&nbsp;&nbsp;dwt_readdevid
<LI><a href="#[8b]">&gt;&gt;</a>&nbsp;&nbsp;&nbsp;dw_main
<LI><a href="#[72]">&gt;&gt;</a>&nbsp;&nbsp;&nbsp;Sleep
<LI><a href="#[6d]">&gt;&gt;</a>&nbsp;&nbsp;&nbsp;HAL_UART_Transmit
<LI><a href="#[6a]">&gt;&gt;</a>&nbsp;&nbsp;&nbsp;HAL_UART_Init
<LI><a href="#[b3]">&gt;&gt;</a>&nbsp;&nbsp;&nbsp;HAL_NVIC_EnableIRQ
<LI><a href="#[57]">&gt;&gt;</a>&nbsp;&nbsp;&nbsp;HAL_Init
<LI><a href="#[70]">&gt;&gt;</a>&nbsp;&nbsp;&nbsp;HAL_GPIO_WritePin
<LI><a href="#[53]">&gt;&gt;</a>&nbsp;&nbsp;&nbsp;HAL_Delay
<LI><a href="#[74]">&gt;&gt;</a>&nbsp;&nbsp;&nbsp;SystemClock_Config
<LI><a href="#[71]">&gt;&gt;</a>&nbsp;&nbsp;&nbsp;MX_SPI1_Init
<LI><a href="#[6f]">&gt;&gt;</a>&nbsp;&nbsp;&nbsp;MX_GPIO_Init
<LI><a href="#[5d]">&gt;&gt;</a>&nbsp;&nbsp;&nbsp;HAL_NVIC_SetPriority
</UL>
<BR>[Address Reference Count : 1]<UL><LI> entry9a.o(.ARM.Collect$$$$0000000B)
</UL>
<P><STRONG><a name="[8c]"></a>peripherals_init</STRONG> (Thumb, 4 bytes, Stack size 0 bytes, port.o(i.peripherals_init))
<BR><BR>[Called By]<UL><LI><a href="#[8b]">&gt;&gt;</a>&nbsp;&nbsp;&nbsp;dw_main
</UL>

<P><STRONG><a name="[8a]"></a>port_DisableEXT_IRQ</STRONG> (Thumb, 14 bytes, Stack size 0 bytes, port.o(i.port_DisableEXT_IRQ))
<BR><BR>[Called By]<UL><LI><a href="#[88]">&gt;&gt;</a>&nbsp;&nbsp;&nbsp;decamutexon
<LI><a href="#[8b]">&gt;&gt;</a>&nbsp;&nbsp;&nbsp;dw_main
</UL>

<P><STRONG><a name="[87]"></a>port_EnableEXT_IRQ</STRONG> (Thumb, 14 bytes, Stack size 0 bytes, port.o(i.port_EnableEXT_IRQ))
<BR><BR>[Called By]<UL><LI><a href="#[86]">&gt;&gt;</a>&nbsp;&nbsp;&nbsp;decamutexoff
<LI><a href="#[8b]">&gt;&gt;</a>&nbsp;&nbsp;&nbsp;dw_main
</UL>

<P><STRONG><a name="[89]"></a>port_GetEXT_IRQStatus</STRONG> (Thumb, 6 bytes, Stack size 0 bytes, port.o(i.port_GetEXT_IRQStatus))
<BR><BR>[Calls]<UL><LI><a href="#[b5]">&gt;&gt;</a>&nbsp;&nbsp;&nbsp;EXTI_GetITEnStatus
</UL>
<BR>[Called By]<UL><LI><a href="#[88]">&gt;&gt;</a>&nbsp;&nbsp;&nbsp;decamutexon
</UL>

<P><STRONG><a name="[8e]"></a>port_is_switch_on</STRONG> (Thumb, 20 bytes, Stack size 8 bytes, port.o(i.port_is_switch_on))
<BR><BR>[Stack]<UL><LI>Max Depth = 8<LI>Call Chain = port_is_switch_on
</UL>
<BR>[Calls]<UL><LI><a href="#[b6]">&gt;&gt;</a>&nbsp;&nbsp;&nbsp;HAL_GPIO_ReadPin
</UL>
<BR>[Called By]<UL><LI><a href="#[8b]">&gt;&gt;</a>&nbsp;&nbsp;&nbsp;dw_main
</UL>

<P><STRONG><a name="[af]"></a>port_set_dw1000_fastrate</STRONG> (Thumb, 12 bytes, Stack size 0 bytes, port.o(i.port_set_dw1000_fastrate))
<BR><BR>[Stack]<UL><LI>Max Depth = 80<LI>Call Chain = port_set_dw1000_fastrate &rArr; HAL_SPI_Init &rArr; HAL_SPI_MspInit &rArr; HAL_GPIO_Init
</UL>
<BR>[Calls]<UL><LI><a href="#[62]">&gt;&gt;</a>&nbsp;&nbsp;&nbsp;HAL_SPI_Init
</UL>
<BR>[Called By]<UL><LI><a href="#[b1]">&gt;&gt;</a>&nbsp;&nbsp;&nbsp;instance_config
<LI><a href="#[90]">&gt;&gt;</a>&nbsp;&nbsp;&nbsp;inittestapplication
</UL>

<P><STRONG><a name="[ab]"></a>port_set_dw1000_slowrate</STRONG> (Thumb, 12 bytes, Stack size 0 bytes, port.o(i.port_set_dw1000_slowrate))
<BR><BR>[Stack]<UL><LI>Max Depth = 80<LI>Call Chain = port_set_dw1000_slowrate &rArr; HAL_SPI_Init &rArr; HAL_SPI_MspInit &rArr; HAL_GPIO_Init
</UL>
<BR>[Calls]<UL><LI><a href="#[62]">&gt;&gt;</a>&nbsp;&nbsp;&nbsp;HAL_SPI_Init
</UL>
<BR>[Called By]<UL><LI><a href="#[b1]">&gt;&gt;</a>&nbsp;&nbsp;&nbsp;instance_config
<LI><a href="#[90]">&gt;&gt;</a>&nbsp;&nbsp;&nbsp;inittestapplication
</UL>

<P><STRONG><a name="[ac]"></a>port_wakeup_dw1000</STRONG> (Thumb, 40 bytes, Stack size 8 bytes, port.o(i.port_wakeup_dw1000))
<BR><BR>[Stack]<UL><LI>Max Depth = 24<LI>Call Chain = port_wakeup_dw1000 &rArr; HAL_Delay
</UL>
<BR>[Calls]<UL><LI><a href="#[70]">&gt;&gt;</a>&nbsp;&nbsp;&nbsp;HAL_GPIO_WritePin
<LI><a href="#[53]">&gt;&gt;</a>&nbsp;&nbsp;&nbsp;HAL_Delay
</UL>
<BR>[Called By]<UL><LI><a href="#[90]">&gt;&gt;</a>&nbsp;&nbsp;&nbsp;inittestapplication
</UL>

<P><STRONG><a name="[56]"></a>process_deca_irq</STRONG> (Thumb, 26 bytes, Stack size 8 bytes, port.o(i.process_deca_irq))
<BR><BR>[Stack]<UL><LI>Max Depth = 4456<LI>Call Chain = process_deca_irq &rArr; dwt_isr &rArr; dwt_forcetrxoff &rArr; dwt_syncrxbufptrs &rArr; dwt_read8bitoffsetreg &rArr; dwt_readfromdevice &rArr; readfromspi &rArr; HAL_SPI_TransmitReceive &rArr; SPI_WaitOnFlagUntilTimeout
</UL>
<BR>[Calls]<UL><LI><a href="#[9c]">&gt;&gt;</a>&nbsp;&nbsp;&nbsp;dwt_isr
<LI><a href="#[b6]">&gt;&gt;</a>&nbsp;&nbsp;&nbsp;HAL_GPIO_ReadPin
</UL>
<BR>[Called By]<UL><LI><a href="#[55]">&gt;&gt;</a>&nbsp;&nbsp;&nbsp;HAL_GPIO_EXTI_Callback
</UL>

<P><STRONG><a name="[a1]"></a>readfromspi</STRONG> (Thumb, 88 bytes, Stack size 4320 bytes, deca_spi.o(i.readfromspi))
<BR><BR>[Stack]<UL><LI>Max Depth = 4384<LI>Call Chain = readfromspi &rArr; HAL_SPI_TransmitReceive &rArr; SPI_WaitOnFlagUntilTimeout
</UL>
<BR>[Calls]<UL><LI><a href="#[67]">&gt;&gt;</a>&nbsp;&nbsp;&nbsp;HAL_SPI_TransmitReceive
<LI><a href="#[b7]">&gt;&gt;</a>&nbsp;&nbsp;&nbsp;HAL_SPI_GetState
<LI><a href="#[70]">&gt;&gt;</a>&nbsp;&nbsp;&nbsp;HAL_GPIO_WritePin
<LI><a href="#[b8]">&gt;&gt;</a>&nbsp;&nbsp;&nbsp;__aeabi_memcpy
</UL>
<BR>[Called By]<UL><LI><a href="#[7e]">&gt;&gt;</a>&nbsp;&nbsp;&nbsp;dwt_readfromdevice
</UL>

<P><STRONG><a name="[ad]"></a>reset_DW1000</STRONG> (Thumb, 48 bytes, Stack size 32 bytes, port.o(i.reset_DW1000))
<BR><BR>[Stack]<UL><LI>Max Depth = 104<LI>Call Chain = reset_DW1000 &rArr; setup_DW1000RSTnIRQ &rArr; HAL_GPIO_Init
</UL>
<BR>[Calls]<UL><LI><a href="#[b4]">&gt;&gt;</a>&nbsp;&nbsp;&nbsp;setup_DW1000RSTnIRQ
<LI><a href="#[70]">&gt;&gt;</a>&nbsp;&nbsp;&nbsp;HAL_GPIO_WritePin
<LI><a href="#[53]">&gt;&gt;</a>&nbsp;&nbsp;&nbsp;HAL_Delay
<LI><a href="#[64]">&gt;&gt;</a>&nbsp;&nbsp;&nbsp;HAL_GPIO_Init
</UL>
<BR>[Called By]<UL><LI><a href="#[90]">&gt;&gt;</a>&nbsp;&nbsp;&nbsp;inittestapplication
</UL>

<P><STRONG><a name="[b4]"></a>setup_DW1000RSTnIRQ</STRONG> (Thumb, 82 bytes, Stack size 32 bytes, port.o(i.setup_DW1000RSTnIRQ))
<BR><BR>[Stack]<UL><LI>Max Depth = 72<LI>Call Chain = setup_DW1000RSTnIRQ &rArr; HAL_GPIO_Init
</UL>
<BR>[Calls]<UL><LI><a href="#[b3]">&gt;&gt;</a>&nbsp;&nbsp;&nbsp;HAL_NVIC_EnableIRQ
<LI><a href="#[70]">&gt;&gt;</a>&nbsp;&nbsp;&nbsp;HAL_GPIO_WritePin
<LI><a href="#[5d]">&gt;&gt;</a>&nbsp;&nbsp;&nbsp;HAL_NVIC_SetPriority
<LI><a href="#[64]">&gt;&gt;</a>&nbsp;&nbsp;&nbsp;HAL_GPIO_Init
<LI><a href="#[b9]">&gt;&gt;</a>&nbsp;&nbsp;&nbsp;HAL_NVIC_DisableIRQ
</UL>
<BR>[Called By]<UL><LI><a href="#[ad]">&gt;&gt;</a>&nbsp;&nbsp;&nbsp;reset_DW1000
<LI><a href="#[45]">&gt;&gt;</a>&nbsp;&nbsp;&nbsp;main
</UL>

<P><STRONG><a name="[8f]"></a>writetoLCD</STRONG> (Thumb, 12 bytes, Stack size 0 bytes, deca_spi.o(i.writetoLCD))
<BR><BR>[Stack]<UL><LI>Max Depth = 64<LI>Call Chain = writetoLCD &rArr; HAL_UART_Transmit &rArr; UART_WaitOnFlagUntilTimeout
</UL>
<BR>[Calls]<UL><LI><a href="#[6d]">&gt;&gt;</a>&nbsp;&nbsp;&nbsp;HAL_UART_Transmit
</UL>
<BR>[Called By]<UL><LI><a href="#[49]">&gt;&gt;</a>&nbsp;&nbsp;&nbsp;instance_rxtimeoutcallback
<LI><a href="#[4a]">&gt;&gt;</a>&nbsp;&nbsp;&nbsp;instance_rxgoodcallback
<LI><a href="#[48]">&gt;&gt;</a>&nbsp;&nbsp;&nbsp;instance_rxerrorcallback
<LI><a href="#[8b]">&gt;&gt;</a>&nbsp;&nbsp;&nbsp;dw_main
</UL>

<P><STRONG><a name="[a8]"></a>writetospi</STRONG> (Thumb, 74 bytes, Stack size 24 bytes, deca_spi.o(i.writetospi))
<BR><BR>[Stack]<UL><LI>Max Depth = 88<LI>Call Chain = writetospi &rArr; HAL_SPI_Transmit &rArr; SPI_WaitOnFlagUntilTimeout
</UL>
<BR>[Calls]<UL><LI><a href="#[65]">&gt;&gt;</a>&nbsp;&nbsp;&nbsp;HAL_SPI_Transmit
<LI><a href="#[b7]">&gt;&gt;</a>&nbsp;&nbsp;&nbsp;HAL_SPI_GetState
<LI><a href="#[70]">&gt;&gt;</a>&nbsp;&nbsp;&nbsp;HAL_GPIO_WritePin
</UL>
<BR>[Called By]<UL><LI><a href="#[7f]">&gt;&gt;</a>&nbsp;&nbsp;&nbsp;dwt_writetodevice
</UL>
<P>
<H3>
Local Symbols
</H3>
<P><STRONG><a name="[6f]"></a>MX_GPIO_Init</STRONG> (Thumb, 354 bytes, Stack size 56 bytes, main.o(i.MX_GPIO_Init))
<BR><BR>[Stack]<UL><LI>Max Depth = 96<LI>Call Chain = MX_GPIO_Init &rArr; HAL_GPIO_Init
</UL>
<BR>[Calls]<UL><LI><a href="#[70]">&gt;&gt;</a>&nbsp;&nbsp;&nbsp;HAL_GPIO_WritePin
<LI><a href="#[64]">&gt;&gt;</a>&nbsp;&nbsp;&nbsp;HAL_GPIO_Init
</UL>
<BR>[Called By]<UL><LI><a href="#[45]">&gt;&gt;</a>&nbsp;&nbsp;&nbsp;main
</UL>

<P><STRONG><a name="[71]"></a>MX_SPI1_Init</STRONG> (Thumb, 56 bytes, Stack size 8 bytes, main.o(i.MX_SPI1_Init))
<BR><BR>[Stack]<UL><LI>Max Depth = 88<LI>Call Chain = MX_SPI1_Init &rArr; HAL_SPI_Init &rArr; HAL_SPI_MspInit &rArr; HAL_GPIO_Init
</UL>
<BR>[Calls]<UL><LI><a href="#[62]">&gt;&gt;</a>&nbsp;&nbsp;&nbsp;HAL_SPI_Init
</UL>
<BR>[Called By]<UL><LI><a href="#[45]">&gt;&gt;</a>&nbsp;&nbsp;&nbsp;main
</UL>

<P><STRONG><a name="[5e]"></a>NVIC_SetPriority</STRONG> (Thumb, 32 bytes, Stack size 0 bytes, stm32f1xx_hal_cortex.o(i.NVIC_SetPriority))
<BR><BR>[Called By]<UL><LI><a href="#[5c]">&gt;&gt;</a>&nbsp;&nbsp;&nbsp;HAL_SYSTICK_Config
<LI><a href="#[5d]">&gt;&gt;</a>&nbsp;&nbsp;&nbsp;HAL_NVIC_SetPriority
</UL>

<P><STRONG><a name="[66]"></a>SPI_WaitOnFlagUntilTimeout</STRONG> (Thumb, 158 bytes, Stack size 32 bytes, stm32f1xx_hal_spi.o(i.SPI_WaitOnFlagUntilTimeout))
<BR><BR>[Stack]<UL><LI>Max Depth = 32<LI>Call Chain = SPI_WaitOnFlagUntilTimeout
</UL>
<BR>[Calls]<UL><LI><a href="#[54]">&gt;&gt;</a>&nbsp;&nbsp;&nbsp;HAL_GetTick
</UL>
<BR>[Called By]<UL><LI><a href="#[67]">&gt;&gt;</a>&nbsp;&nbsp;&nbsp;HAL_SPI_TransmitReceive
<LI><a href="#[65]">&gt;&gt;</a>&nbsp;&nbsp;&nbsp;HAL_SPI_Transmit
</UL>

<P><STRONG><a name="[6c]"></a>UART_SetConfig</STRONG> (Thumb, 364 bytes, Stack size 24 bytes, stm32f1xx_hal_uart.o(i.UART_SetConfig))
<BR><BR>[Stack]<UL><LI>Max Depth = 24<LI>Call Chain = UART_SetConfig
</UL>
<BR>[Calls]<UL><LI><a href="#[76]">&gt;&gt;</a>&nbsp;&nbsp;&nbsp;HAL_RCC_GetPCLK2Freq
<LI><a href="#[77]">&gt;&gt;</a>&nbsp;&nbsp;&nbsp;HAL_RCC_GetPCLK1Freq
</UL>
<BR>[Called By]<UL><LI><a href="#[6a]">&gt;&gt;</a>&nbsp;&nbsp;&nbsp;HAL_UART_Init
</UL>

<P><STRONG><a name="[6e]"></a>UART_WaitOnFlagUntilTimeout</STRONG> (Thumb, 146 bytes, Stack size 32 bytes, stm32f1xx_hal_uart.o(i.UART_WaitOnFlagUntilTimeout))
<BR><BR>[Stack]<UL><LI>Max Depth = 32<LI>Call Chain = UART_WaitOnFlagUntilTimeout
</UL>
<BR>[Calls]<UL><LI><a href="#[54]">&gt;&gt;</a>&nbsp;&nbsp;&nbsp;HAL_GetTick
</UL>
<BR>[Called By]<UL><LI><a href="#[6d]">&gt;&gt;</a>&nbsp;&nbsp;&nbsp;HAL_UART_Transmit
</UL>
<P>
<H3>
Undefined Global Symbols
</H3><HR></body></html>
