<html>
<body>
<pre>
<h1>µVision Build Log</h1>
<h2>Tool Versions:</h2>
IDE-Version: ¦ÌVision V5.21.1.0
Copyright (C) 2016 ARM Ltd and ARM Germany GmbH. All rights reserved.
License Information: kai zhao, unsw, LIC=GE730-BW0UH-GN9A5-G7RBL-B6KJS-H4QYI
 
Tool Versions:
Toolchain:       MDK-ARM Professional  Version: 5.21a
Toolchain Path:  D:\Keil_v5\ARM\ARMCC\Bin
C Compiler:      Armcc.exe V5.06 update 3 (build 300)
Assembler:       Armasm.exe V5.06 update 3 (build 300)
Linker/Locator:  ArmLink.exe V5.06 update 3 (build 300)
Library Manager: ArmAr.exe V5.06 update 3 (build 300)
Hex Converter:   FromElf.exe V5.06 update 3 (build 300)
CPU DLL:         SARMCM3.DLL V5.21a
Dialog DLL:      DCM.DLL V1.13.8.0
Target DLL:      Segger\JL2CM3.dll V2.99.23.0
Dialog DLL:      TCM.DLL V1.14.14.0
 
<h2>Project:</h2>
D:\STM32Cube\STM32Cube_FW_F1_V1.4.0\Projects\mySTM32F5\MyBoard\DW1000_SPI\MDK-ARM\DW1000_SPI.uvprojx
Project File Date:  09/19/2017

<h2>Output:</h2>
*** Using Compiler 'V5.06 update 3 (build 300)', folder: 'D:\Keil_v5\ARM\ARMCC\Bin'
Build target 'DW1000_SPI'
compiling main.c...
../Drivers/STM32F1xx_HAL_Driver/Inc/stm32f1xx_hal_rcc.h(74): warning:  #47-D: incompatible redefinition of macro "LSI_VALUE" (declared at line 121 of "../Inc/stm32f1xx_hal_conf.h")
  #define LSI_VALUE                 ((uint32_t)40000)  /* 40kHz */
../Src/main.c: 1 warning, 0 errors
linking...
Program Size: Code=6452 RO-data=392 RW-data=12 ZI-data=16652  
"DW1000_SPI\DW1000_SPI.axf" - 0 Error(s), 1 Warning(s).

<h2>Software Packages used:</h2>

Package Vendor: ARM
                http://www.keil.com/pack/ARM.CMSIS.5.1.0.pack
                ARM::CMSIS:CORE:5.0.2
                CMSIS (Cortex Microcontroller Software Interface Standard)
   * Component: CORE Version: 5.0.2

<h2>Collection of Component include folders:</h2>
  D:\STM32Cube\STM32Cube_FW_F1_V1.4.0\Projects\mySTM32F5\MyBoard\DW1000_SPI\MDK-ARM\RTE
  D:\Keil_v5\ARM\PACK\ARM\CMSIS\5.1.0\CMSIS\Include
  D:\Keil_v5\ARM\PACK\Keil\STM32F1xx_DFP\2.2.0\Device\Include

<h2>Collection of Component Files used:</h2>

   * Component: ARM::CMSIS:CORE:5.0.2
Build Time Elapsed:  00:00:02
</pre>
</body>
</html>
